2026-03-12 18:23:59,474 - root - INFO - --- 🔄 KHỞI ĐỘNG CHU KỲ FB ĐĂNG KÝ MỚI (#1) ---
2026-03-12 18:23:59,474 - root - INFO - --- [CHUYỂN IP] Đang thực hiện đổi IP cho Chu kỳ #1... ---
2026-03-12 18:24:00,388 - root - INFO - [DCOM] IP hiện tại trên Ethernet 2: 59.153.237.62
2026-03-12 18:24:00,389 - root - INFO - [DCOM] IP cũ: 59.153.237.62 — Đang reset kết nối (huawei)...
2026-03-12 18:24:00,426 - root - INFO - [DCOM/Huawei] Token lấy được (SesTokInfo): OWdXT+59YrOTbZW...
2026-03-12 18:24:00,448 - root - INFO - [DCOM/Huawei] Dataswitch OFF -> HTTP 200 | <?xml version="1.0" encoding="UTF-8"?><response>OK</response>
2026-03-12 18:24:05,527 - root - INFO - [DCOM/Huawei] Dataswitch ON -> HTTP 200 | <?xml version="1.0" encoding="UTF-8"?><response>OK</response>
2026-03-12 18:24:05,527 - root - INFO - [DCOM] Đã gửi lệnh reset. Chờ 15s để modem kết nối lại...
2026-03-12 18:24:20,873 - root - INFO - [DCOM] IP hiện tại trên Ethernet 2: 59.153.237.103
2026-03-12 18:24:20,874 - root - INFO - [DCOM] ✅ Đổi IP thành công: 59.153.237.62 → 59.153.237.103
2026-03-12 18:24:21,207 - root - INFO - [DCOM] IP hiện tại trên Ethernet 2: 59.153.237.103
2026-03-12 18:24:21,207 - root - INFO - 🚀 IP Hiện Tại: 59.153.237.103
2026-03-12 18:24:21,208 - root - INFO - Đợi mạng ổn định hoàn toàn (10s)...
2026-03-12 18:24:31,214 - root - INFO - --- [SETUP] ĐANG LẤY EMAIL TỪ GUERRILLA (Vui lòng chờ)... ---
2026-03-12 18:24:32,357 - GuerrillaMail - INFO - Lấy email thành công: ciqcuzfl@guerrillamailblock.com
2026-03-12 18:24:32,358 - root - INFO - [DCOM_PROXY] Khởi động SOCKS5 proxy (Binding to Ethernet 2)...
2026-03-12 18:24:32,380 - DCOMProxy - INFO - [DCOMProxy] ✅ SOCKS5 Proxy active at 127.0.0.1:58104
2026-03-12 18:24:32,380 - DCOMProxy - INFO - [DCOMProxy] 🔗 Forcing traffic through Ethernet 2 (192.168.16.101)
2026-03-12 18:24:32,380 - root - INFO - [DCOM_PROXY] ✅ Proxy sẵn sàng: socks5://127.0.0.1:58104
2026-03-12 18:24:32,694 - BROWSER - INFO - 🦊 [CAMOUFOX] Launching: headless=False | os=windows | locale=vi-VN
2026-03-12 18:25:06,982 - BROWSER - INFO - ✅ [CAMOUFOX] Browser & Page ready.
2026-03-12 18:25:06,982 - root - INFO - --- [MONITOR] Đang kích hoạt chế độ giám sát Tracking của Facebook... ---
2026-03-12 18:25:06,986 - root - INFO - 💓 [WATCHDOG] Kích hoạt Heartbeat giữ trình duyệt...
2026-03-12 18:25:13,591 - root - INFO - [FB_REG] --- 🚀 KHỞI ĐỘNG LUỒNG ĐĂNG KÝ FACEBOOK ---
2026-03-12 18:25:13,591 - root - INFO - [FB_REG] Email mục tiêu: ciqcuzfl@guerrillamailblock.com | Họ: Huynh | Tên: Quang
2026-03-12 18:25:13,592 - root - INFO - [FB_REG] 1️⃣ Truy cập trang đăng ký...
2026-03-12 18:25:17,724 - root - INFO - [FB_REG] 2️⃣ Điền thông tin cá nhân...
2026-03-12 18:25:20,764 - root - INFO - ✅ Đã điền Họ: Huynh
2026-03-12 18:25:22,148 - root - INFO - ✅ Đã điền Tên: Quang
2026-03-12 18:25:22,148 - root - INFO - [FB_REG] 3️⃣ Bắt đầu SMART TAB để điền thông tin...
2026-03-12 18:25:22,679 - root - INFO - 🔍 [DEBUG_FOCUS] Step_1 | Tag: DIV | Aria: Xóa văn bản | Text:  | Role: button
2026-03-12 18:25:23,227 - root - INFO - 🔍 [DEBUG_FOCUS] Step_2 | Tag: DIV | Aria: Nhấp để biết thêm thông tin về cách nhập ngày sinh | Text:  | Role: button
2026-03-12 18:25:23,227 - root - INFO - ⏭️ Bỏ qua nút trợ giúp: nhấp để biết thêm thông tin về cách nhập ngày sinh
2026-03-12 18:25:23,752 - root - INFO - 🔍 [DEBUG_FOCUS] Step_3 | Tag: DIV | Aria: Chọn ngày | Text: Ngày | Role: combobox
2026-03-12 18:25:23,753 - root - INFO - 🎯 Đang điền Ngày: 17
2026-03-12 18:25:26,087 - root - INFO - 🔍 [DEBUG_FOCUS] Step_4 | Tag: DIV | Aria: Chọn tháng | Text: Tháng | Role: combobox
2026-03-12 18:25:26,088 - root - INFO - 🎯 Đang điền Tháng: 8
2026-03-12 18:25:29,935 - root - INFO - 🔍 [DEBUG_FOCUS] Step_5 | Tag: DIV | Aria: Chọn năm | Text: Năm | Role: combobox
2026-03-12 18:25:29,935 - root - INFO - 🎯 Đang điền Năm: 2004
2026-03-12 18:25:32,642 - root - INFO - 🔍 [DEBUG_FOCUS] Step_6 | Tag: DIV | Aria: Nhấp để biết thêm thông tin về cách chọn giới tính | Text:  | Role: button
2026-03-12 18:25:32,642 - root - INFO - ⏭️ Bỏ qua nút trợ giúp: nhấp để biết thêm thông tin về cách chọn giới tính
2026-03-12 18:25:33,168 - root - INFO - 🔍 [DEBUG_FOCUS] Step_7 | Tag: DIV | Aria:  | Text: Chọn giới tính | Role: combobox
2026-03-12 18:25:33,168 - root - INFO - 🎯 Đang chọn Giới tính: Nam
2026-03-12 18:25:36,093 - root - INFO - 🔍 [DEBUG_FOCUS] Step_8 | Tag: INPUT | Aria:  | Text:  | Role: 
2026-03-12 18:25:36,093 - root - INFO - 🎯 Đang điền Email: ciqcuzfl@guerrillamailblock.com (Step 8)
2026-03-12 18:25:40,130 - root - INFO - 🔍 [DEBUG_FOCUS] Step_9 | Tag: DIV | Aria: Xóa văn bản | Text:  | Role: button
2026-03-12 18:25:40,689 - root - INFO - 🔍 [DEBUG_FOCUS] Step_10 | Tag: A | Aria:  | Text: Tìm hiểu vì sao chúng tôi yêu cầu thông tin liên hệ của bạn | Role: link
2026-03-12 18:25:40,689 - root - INFO - ⏭️ Bỏ qua link: tìm hiểu vì sao chúng tôi yêu cầu thông tin liên hệ của bạn
2026-03-12 18:25:41,218 - root - INFO - 🔍 [DEBUG_FOCUS] Step_11 | Tag: INPUT | Aria:  | Text:  | Role: 
2026-03-12 18:25:41,219 - root - INFO - 🎯 Đang điền Mật khẩu (Step 11)...
2026-03-12 18:25:43,747 - root - INFO - 🔍 [DEBUG_FOCUS] Step_12 | Tag: DIV | Aria: Hiển thị mật khẩu | Text:  | Role: button
2026-03-12 18:25:44,277 - root - INFO - 🔍 [DEBUG_FOCUS] Step_13 | Tag: A | Aria:  | Text: Tìm hiểu thêm | Role: link
2026-03-12 18:25:44,277 - root - INFO - ⏭️ Bỏ qua link: tìm hiểu thêm
2026-03-12 18:25:44,821 - root - INFO - 🔍 [DEBUG_FOCUS] Step_14 | Tag: A | Aria:  | Text: Điều khoản | Role: link
2026-03-12 18:25:44,821 - root - INFO - ⏭️ Bỏ qua link: điều khoản
2026-03-12 18:25:45,351 - root - INFO - 🔍 [DEBUG_FOCUS] Step_15 | Tag: A | Aria:  | Text: Chính sách quyền riêng tư | Role: link
2026-03-12 18:25:45,352 - root - INFO - ⏭️ Bỏ qua link: chính sách quyền riêng tư
2026-03-12 18:25:45,878 - root - INFO - 🔍 [DEBUG_FOCUS] Step_16 | Tag: A | Aria:  | Text: Chính sách cookie | Role: link
2026-03-12 18:25:45,878 - root - INFO - ⏭️ Bỏ qua link: chính sách cookie
2026-03-12 18:25:46,409 - root - INFO - 🔍 [DEBUG_FOCUS] Step_17 | Tag: A | Aria:  | Text: Chính sách quyền riêng tư | Role: link
2026-03-12 18:25:46,409 - root - INFO - ⏭️ Bỏ qua link: chính sách quyền riêng tư
2026-03-12 18:25:46,935 - root - INFO - 🔍 [DEBUG_FOCUS] Step_18 | Tag: DIV | Aria:  | Text: Gửi | Role: button
2026-03-12 18:25:46,935 - root - INFO - 🏁 Đã đến nút Submit (gửi).
2026-03-12 18:25:46,935 - root - INFO - ⌨️ Gửi form bằng phím ENTER (Standard React Action)...
2026-03-12 18:25:48,951 - root - INFO - 🖱️ Vẫn ở trang cũ -> Thực hiện Click trực tiếp bằng tọa độ...
2026-03-12 18:25:51,978 - root - INFO - ✅ Đã gửi lệnh Submit. Đợi hệ thống xử lý trang OTP (10s)...
2026-03-12 18:26:01,994 - root - INFO - ✅ Kết quả SMART TAB: {'Ngày': True, 'Tháng': True, 'Năm': True, 'Giới tính': True, 'Email': True, 'Pass': True}
2026-03-12 18:26:01,994 - root - INFO - ✅ Kết quả SMART TAB: {'Ngày': True, 'Tháng': True, 'Năm': True, 'Giới tính': True, 'Email': True, 'Pass': True}
2026-03-12 18:26:01,995 - root - INFO - [FB_REG] Đang chuyển sang Bước 6: Xác thực OTP...
2026-03-12 18:26:01,995 - root - INFO - [FB_REG] 6️⃣ Bắt đầu SMART TAB để nhập mã OTP...
2026-03-12 18:26:07,007 - root - INFO - [FB_REG] 🔍 Đang check mail lấy mã OTP...
2026-03-12 18:26:07,007 - GuerrillaMail - INFO - Đang quét hộp thư cho ciqcuzfl@guerrillamailblock.com...
2026-03-12 18:28:10,499 - root - ERROR - [FB_REG] Không lấy được mã code từ email.
2026-03-12 18:28:10,830 - root - INFO - 🔍 [DEBUG_FOCUS] Step_Verification_1 | Tag: DIV | Aria:  | Text: Tôi có tài khoản rồi | Role: button
2026-03-12 18:28:11,158 - root - INFO - 🔍 [DEBUG_FOCUS] Step_Verification_2 | Tag: A | Aria:  | Text: English (UK) | Role: link
2026-03-12 18:28:11,158 - root - INFO - ⏭️ [GUARD] Bỏ qua nút ngôn ngữ để tránh đổi giao diện: english (uk)
2026-03-12 18:28:11,495 - root - INFO - 🔍 [DEBUG_FOCUS] Step_Verification_3 | Tag: A | Aria:  | Text: 한국어 | Role: link
2026-03-12 18:28:11,496 - root - INFO - ⏭️ [GUARD] Bỏ qua nút ngôn ngữ để tránh đổi giao diện: 한국어
2026-03-12 18:28:11,825 - root - INFO - 🔍 [DEBUG_FOCUS] Step_Verification_4 | Tag: A | Aria:  | Text: Français (France) | Role: link
2026-03-12 18:28:11,825 - root - INFO - ⏭️ [GUARD] Bỏ qua nút ngôn ngữ để tránh đổi giao diện: français (france)
2026-03-12 18:28:12,152 - root - INFO - 🔍 [DEBUG_FOCUS] Step_Verification_5 | Tag: A | Aria:  | Text: Ngôn ngữ khác... | Role: link
2026-03-12 18:28:12,477 - root - INFO - 🔍 [DEBUG_FOCUS] Step_Verification_6 | Tag: A | Aria:  | Text: Đăng ký | Role: link
2026-03-12 18:28:12,477 - root - INFO - 🏁 Có vẻ đã thoát khỏi luồng xác minh. Kiểm tra kết quả...
2026-03-12 18:28:12,478 - root - INFO - --- Đã hoàn tất luồng kiểm tra hậu OTP ---
2026-03-12 18:28:17,533 - root - INFO - [FB_REG] URL hiện tại: https://www.facebook.com/reg/?entry_point=login&next=
2026-03-12 18:28:17,533 - root - WARNING - [FB_REG] ❌ Kết quả KHÔNG thành công. URL: https://www.facebook.com/reg/?entry_point=login&next=
2026-03-12 18:28:17,533 - root - ERROR - Đăng ký thất bại. Error Code: REG_FAILED
2026-03-12 18:28:23,203 - BROWSER - WARNING - [CAMOUFOX] Error on close: Browser.close: Connection closed while reading from the driver
2026-03-12 18:28:23,203 - root - INFO - Browser closed.
2026-03-12 18:28:23,204 - root - INFO - --- 💤 Chu kỳ #1 kết thúc. Chuyển sang lượt mới... ---
2026-03-12 18:28:23,242 - asyncio - ERROR - _GatheringFuture exception was never retrieved
future: <_GatheringFuture finished exception=CancelledError()>
Traceback (most recent call last):
  File "C:\Users\welcome\AppData\Local\Programs\Python\Python311\Lib\asyncio\runners.py", line 190, in run
    return runner.run(main)
           ^^^^^^^^^^^^^^^^
  File "C:\Users\welcome\AppData\Local\Programs\Python\Python311\Lib\asyncio\runners.py", line 118, in run
    return self._loop.run_until_complete(task)
           ^^^^^^^^^^^^^^^^^^^^^^^^^^^^^^^^^^^
  File "C:\Users\welcome\AppData\Local\Programs\Python\Python311\Lib\asyncio\base_events.py", line 637, in run_until_complete
    self.run_forever()
  File "C:\Users\welcome\AppData\Local\Programs\Python\Python311\Lib\asyncio\windows_events.py", line 321, in run_forever
    super().run_forever()
  File "C:\Users\welcome\AppData\Local\Programs\Python\Python311\Lib\asyncio\base_events.py", line 604, in run_forever
    self._run_once()
  File "C:\Users\welcome\AppData\Local\Programs\Python\Python311\Lib\asyncio\base_events.py", line 1873, in _run_once
    event_list = self._selector.select(timeout)
                 ^^^^^^^^^^^^^^^^^^^^^^^^^^^^^^
  File "C:\Users\welcome\AppData\Local\Programs\Python\Python311\Lib\asyncio\windows_events.py", line 439, in select
    self._poll(timeout)
  File "C:\Users\welcome\AppData\Local\Programs\Python\Python311\Lib\asyncio\windows_events.py", line 808, in _poll
    status = _overlapped.GetQueuedCompletionStatus(self._iocp, ms)
             ^^^^^^^^^^^^^^^^^^^^^^^^^^^^^^^^^^^^^^^^^^^^^^^^^^^^^
  File "C:\Users\welcome\AppData\Local\Programs\Python\Python311\Lib\asyncio\runners.py", line 157, in _on_sigint
    raise KeyboardInterrupt()
KeyboardInterrupt

During handling of the above exception, another exception occurred:

Traceback (most recent call last):
  File "D:\tunn3\CODE\service-fb-2\facebook_registration.py", line 366, in browser_heartbeat
    await asyncio.sleep(3)
  File "C:\Users\welcome\AppData\Local\Programs\Python\Python311\Lib\asyncio\tasks.py", line 639, in sleep
    return await future
           ^^^^^^^^^^^^
asyncio.exceptions.CancelledError
2026-03-12 18:28:23,372 - asyncio - ERROR - Future exception was never retrieved
future: <Future finished exception=TargetClosedError('Target page, context or browser has been closed\nBrowser logs:\n\n<launching> C:\\Users\\welcome\\AppData\\Local\\camoufox\\camoufox\\Cache\\camoufox.exe -no-remote -wait-for-browser -foreground -profile C:\\Users\\welcome\\AppData\\Local\\Temp\\playwright_firefoxdev_profile-XyZMMe -juggler-pipe -silent\n<launched> pid=35120\n[pid=35120][err] JavaScript warning: resource://services-settings/Utils.sys.mjs, line 57: unreachable code after return statement\n[pid=35120][err] JavaScript warning: resource://services-settings/Utils.sys.mjs, line 119: unreachable code after return statement\n[pid=35120][err] DEBUG: Juggler pipe initialized\n[pid=35120][err] DEBUG: Dispatcher created\n[pid=35120][out] \n[pid=35120][out] Juggler listening to the pipe\n[pid=35120][err] DEBUG: BrowserHandler created\n[pid=35120][err] DEBUG: BrowserHandler set as root session handler\n[pid=35120][out] console.error: "Warning: unrecognized command line flag" "-foreground"\n[pid=35120][out] console.error: "Ignoring protocol handler for mailto without a uriTemplate!"\n[pid=35120][err] JavaScript error: chrome://juggler/content/Helper.js, line 82: NS_ERROR_FAILURE: Component returned failure code: 0x80004005 (NS_ERROR_FAILURE) [nsIWebProgress.removeProgressListener]\n[pid=35120][err] DEBUG: Installed 1 addon(s)\n[pid=35120][out] console.error: SearchService: "#init: failure initializing search:" (new TypeError("defaultsConfig is undefined", "resource://gre/modules/SearchEngineSelector.sys.mjs", 752))\n[pid=35120][err] JavaScript error: resource://gre/modules/SearchEngineSelector.sys.mjs, line 752: TypeError: defaultsConfig is undefined\n[pid=35120][err] JavaScript error: resource://gre/modules/SearchEngineSelector.sys.mjs, line 752: TypeError: defaultsConfig is undefined\n[pid=35120][err] JavaScript error: resource://gre/modules/SearchEngineSelector.sys.mjs, line 752: TypeError: defaultsConfig is undefined\n[pid=35120][err] JavaScript error: resource://gre/modules/SearchEngineSelector.sys.mjs, line 752: TypeError: defaultsConfig is undefined\n[pid=35120][out] console.error: WebExtensions: \n[pid=35120][out]   Message: TypeError: defaultsConfig is undefined\n[pid=35120][out]   Stack:\n[pid=35120][out]     #defaultEngines@resource://gre/modules/SearchEngineSelector.sys.mjs:752:22\n[pid=35120][out] fetchEngineConfiguration@resource://gre/modules/SearchEngineSelector.sys.mjs:375:65\n[pid=35120][out] \n[pid=35120][err] JavaScript error: resource://gre/modules/SearchEngineSelector.sys.mjs, line 752: TypeError: defaultsConfig is undefined\n[pid=35120][out] console.error: "Could not parse ASRouter preference. Try resetting browser.newtabpage.activity-stream.asrouter.providers.snippets in about:config."\n[pid=35120][out] console.error: SearchSettings: "_write: Could not write to settings file:" (new Error("cannot write without any engine.", "resource://gre/modules/SearchSettings.sys.mjs", 280))\n[pid=35120][err] JavaScript warning: https://static.xx.fbcdn.net/rsrc.php/v4ilwa4/y-/l/vi_VN-j/ZkPgkVFg5F8.js, line 139: WEBGL_debug_renderer_info is deprecated in Firefox and will be removed. Please use RENDERER.\n[pid=35120][err] JavaScript error: chrome://juggler/content/content/FrameTree.js, line 583: TypeError: this.domWindow() is undefined\n[pid=35120][err] JavaScript error: chrome://juggler/content/Helper.js, line 82: NS_ERROR_FAILURE: Component returned failure code: 0x80004005 (NS_ERROR_FAILURE) [nsIWebProgress.removeProgressListener]\n[pid=35120][err] JavaScript warning: https://static.xx.fbcdn.net/rsrc.php/v4iH5M4/y-/l/vi_VN-j/Dut67Qxygso.js, line 97: WEBGL_debug_renderer_info is deprecated in Firefox and will be removed. Please use RENDERER.\n[pid=35120][err] JavaScript error: resource://gre/modules/SearchEngineSelector.sys.mjs, line 752: TypeError: defaultsConfig is undefined\n[pid=35120] <gracefully close start>\n[pid=35120][err] DEBUG: BrowserHandler cleanup callback called\n[pid=35120] <forcefully close>\n[pid=35120] <kill>\n[pid=35120] <will force kill>\n[pid=35120] taskkill stderr: ERROR: The process "35120" not found.\r\n')>
playwright._impl._errors.TargetClosedError: Target page, context or browser has been closed
Browser logs:

<launching> C:\Users\welcome\AppData\Local\camoufox\camoufox\Cache\camoufox.exe -no-remote -wait-for-browser -foreground -profile C:\Users\welcome\AppData\Local\Temp\playwright_firefoxdev_profile-XyZMMe -juggler-pipe -silent
<launched> pid=35120
[pid=35120][err] JavaScript warning: resource://services-settings/Utils.sys.mjs, line 57: unreachable code after return statement
[pid=35120][err] JavaScript warning: resource://services-settings/Utils.sys.mjs, line 119: unreachable code after return statement
[pid=35120][err] DEBUG: Juggler pipe initialized
[pid=35120][err] DEBUG: Dispatcher created
[pid=35120][out] 
[pid=35120][out] Juggler listening to the pipe
[pid=35120][err] DEBUG: BrowserHandler created
[pid=35120][err] DEBUG: BrowserHandler set as root session handler
[pid=35120][out] console.error: "Warning: unrecognized command line flag" "-foreground"
[pid=35120][out] console.error: "Ignoring protocol handler for mailto without a uriTemplate!"
[pid=35120][err] JavaScript error: chrome://juggler/content/Helper.js, line 82: NS_ERROR_FAILURE: Component returned failure code: 0x80004005 (NS_ERROR_FAILURE) [nsIWebProgress.removeProgressListener]
[pid=35120][err] DEBUG: Installed 1 addon(s)
[pid=35120][out] console.error: SearchService: "#init: failure initializing search:" (new TypeError("defaultsConfig is undefined", "resource://gre/modules/SearchEngineSelector.sys.mjs", 752))
[pid=35120][err] JavaScript error: resource://gre/modules/SearchEngineSelector.sys.mjs, line 752: TypeError: defaultsConfig is undefined
[pid=35120][err] JavaScript error: resource://gre/modules/SearchEngineSelector.sys.mjs, line 752: TypeError: defaultsConfig is undefined
[pid=35120][err] JavaScript error: resource://gre/modules/SearchEngineSelector.sys.mjs, line 752: TypeError: defaultsConfig is undefined
[pid=35120][err] JavaScript error: resource://gre/modules/SearchEngineSelector.sys.mjs, line 752: TypeError: defaultsConfig is undefined
[pid=35120][out] console.error: WebExtensions: 
[pid=35120][out]   Message: TypeError: defaultsConfig is undefined
[pid=35120][out]   Stack:
[pid=35120][out]     #defaultEngines@resource://gre/modules/SearchEngineSelector.sys.mjs:752:22
[pid=35120][out] fetchEngineConfiguration@resource://gre/modules/SearchEngineSelector.sys.mjs:375:65
[pid=35120][out] 
[pid=35120][err] JavaScript error: resource://gre/modules/SearchEngineSelector.sys.mjs, line 752: TypeError: defaultsConfig is undefined
[pid=35120][out] console.error: "Could not parse ASRouter preference. Try resetting browser.newtabpage.activity-stream.asrouter.providers.snippets in about:config."
[pid=35120][out] console.error: SearchSettings: "_write: Could not write to settings file:" (new Error("cannot write without any engine.", "resource://gre/modules/SearchSettings.sys.mjs", 280))
[pid=35120][err] JavaScript warning: https://static.xx.fbcdn.net/rsrc.php/v4ilwa4/y-/l/vi_VN-j/ZkPgkVFg5F8.js, line 139: WEBGL_debug_renderer_info is deprecated in Firefox and will be removed. Please use RENDERER.
[pid=35120][err] JavaScript error: chrome://juggler/content/content/FrameTree.js, line 583: TypeError: this.domWindow() is undefined
[pid=35120][err] JavaScript error: chrome://juggler/content/Helper.js, line 82: NS_ERROR_FAILURE: Component returned failure code: 0x80004005 (NS_ERROR_FAILURE) [nsIWebProgress.removeProgressListener]
[pid=35120][err] JavaScript warning: https://static.xx.fbcdn.net/rsrc.php/v4iH5M4/y-/l/vi_VN-j/Dut67Qxygso.js, line 97: WEBGL_debug_renderer_info is deprecated in Firefox and will be removed. Please use RENDERER.
[pid=35120][err] JavaScript error: resource://gre/modules/SearchEngineSelector.sys.mjs, line 752: TypeError: defaultsConfig is undefined
[pid=35120] <gracefully close start>
[pid=35120][err] DEBUG: BrowserHandler cleanup callback called
[pid=35120] <forcefully close>
[pid=35120] <kill>
[pid=35120] <will force kill>
[pid=35120] taskkill stderr: ERROR: The process "35120" not found.

