2026-03-12 16:35:00,277 - root - INFO - --- 🔄 KHỞI ĐỘNG CHU KỲ FB ĐĂNG KÝ MỚI (#1) ---
2026-03-12 16:35:00,277 - root - INFO - --- [CHUYỂN IP] Đang thực hiện đổi IP cho Chu kỳ #1... ---
2026-03-12 16:35:01,579 - root - INFO - [DCOM] IP hiện tại trên Ethernet 2: 59.153.238.73
2026-03-12 16:35:01,579 - root - INFO - [DCOM] IP cũ: 59.153.238.73 — Đang reset kết nối (huawei)...
2026-03-12 16:35:01,600 - root - INFO - [DCOM/Huawei] Token lấy được (SesTokInfo): CwdpZ7Zx4y4ToZr...
2026-03-12 16:35:01,643 - root - INFO - [DCOM/Huawei] Dataswitch OFF -> HTTP 200 | <?xml version="1.0" encoding="UTF-8"?><response>OK</response>
2026-03-12 16:35:06,703 - root - INFO - [DCOM/Huawei] Dataswitch ON -> HTTP 200 | <?xml version="1.0" encoding="UTF-8"?><response>OK</response>
2026-03-12 16:35:06,703 - root - INFO - [DCOM] Đã gửi lệnh reset. Chờ 15s để modem kết nối lại...
2026-03-12 16:35:22,699 - root - INFO - [DCOM] IP hiện tại trên Ethernet 2: 59.153.228.184
2026-03-12 16:35:22,699 - root - INFO - [DCOM] ✅ Đổi IP thành công: 59.153.238.73 → 59.153.228.184
2026-03-12 16:35:23,858 - root - INFO - [DCOM] IP hiện tại trên Ethernet 2: 59.153.228.184
2026-03-12 16:35:23,859 - root - INFO - 🚀 IP Hiện Tại: 59.153.228.184
2026-03-12 16:35:23,859 - root - INFO - Đợi mạng ổn định hoàn toàn (10s)...
2026-03-12 16:35:33,869 - root - INFO - --- [SETUP] ĐANG LẤY EMAIL TỪ GUERRILLA (Vui lòng chờ)... ---
2026-03-12 16:35:34,991 - GuerrillaMail - INFO - Lấy email thành công: uznjvhcc@guerrillamailblock.com
2026-03-12 16:35:35,322 - BROWSER - INFO - 🦊 [CAMOUFOX] Launching: headless=False | os=windows | locale=vi-VN
2026-03-12 16:35:40,893 - BROWSER - INFO - ✅ [CAMOUFOX] Browser & Page ready.
2026-03-12 16:35:40,893 - root - INFO - --- [MONITOR] Đang kích hoạt chế độ giám sát Tracking của Facebook... ---
2026-03-12 16:35:40,898 - root - INFO - 💓 [WATCHDOG] Kích hoạt Heartbeat giữ trình duyệt...
2026-03-12 16:35:47,235 - root - INFO - [FB_REG] --- 🚀 KHỞI ĐỘNG LUỒNG ĐĂNG KÝ FACEBOOK ---
2026-03-12 16:35:47,235 - root - INFO - [FB_REG] Email mục tiêu: uznjvhcc@guerrillamailblock.com | Họ: Vo | Tên: Anh
2026-03-12 16:35:47,235 - root - INFO - [FB_REG] 1️⃣ Truy cập trang đăng ký...
2026-03-12 16:35:51,336 - root - INFO - [FB_REG] 2️⃣ Điền thông tin cá nhân...
2026-03-12 16:36:06,339 - root - ERROR - Lỗi trong chuỗi điền form Tab-Sequence: Page.wait_for_selector: Timeout 15000ms exceeded.
Call log:
  - waiting for locator("input") to be visible
    - waiting for" http://whoer/" navigation to finish...
    - waiting for navigation to finish...
    - navigated to "http://whoer/"
    16 × locator resolved to hidden <input type="checkbox" role="checkbox" id="automaticallyReportBlockingInFuture"/>
    - waiting for" https://www.google.com/" navigation to finish...
    - navigated to "https://www.google.com/"
    4 × locator resolved to 10 elements. Proceeding with the first one: <input hidden="" type="file" jsname="wcaWdc" accept="image/*" jsaction="change:fj0v0b"/>
    - waiting for" https://www.google.com/search?q=whoer&sei=AYmyaZKzIeWT0PEP_Yme6Ao" navigation to finish...
    - navigated to "https://www.google.com/search?q=whoer&sei=AYmyaZKzIeWT0PEP_Yme6Ao"
    2 × locator resolved to 2 elements. Proceeding with the first one: <input type="hidden" name="sca_esv" value="55f891fa6085deac"/>
    - locator resolved to 12 elements. Proceeding with the first one: <input type="hidden" name="sca_esv" value="55f891fa6085deac"/>
    - waiting for" https://whoer.net/" navigation to finish...
    - navigated to "https://whoer.net/"

2026-03-12 16:36:08,114 - root - INFO - 📸 Đã lưu debug: debug_tab_sequence_error_1773308166.png và debug_tab_sequence_error_1773308166.html
2026-03-12 16:36:08,114 - root - ERROR - Đăng ký thất bại. Error Code: FILL_ERROR
2026-03-12 16:36:16,671 - BROWSER - INFO - 🔒 [CAMOUFOX] Browser closed.
2026-03-12 16:36:16,671 - root - INFO - Browser closed.
2026-03-12 16:36:16,671 - root - INFO - --- 💤 Chu kỳ #1 kết thúc. Chuyển sang lượt mới... ---
2026-03-12 16:36:18,676 - root - INFO - --- 🔄 KHỞI ĐỘNG CHU KỲ FB ĐĂNG KÝ MỚI (#2) ---
2026-03-12 16:36:18,676 - root - INFO - --- [CHUYỂN IP] Đang thực hiện đổi IP cho Chu kỳ #2... ---
2026-03-12 16:36:19,016 - root - INFO - [DCOM] IP hiện tại trên Ethernet 2: 59.153.228.184
2026-03-12 16:36:19,017 - root - INFO - [DCOM] IP cũ: 59.153.228.184 — Đang reset kết nối (huawei)...
2026-03-12 16:36:19,055 - root - INFO - [DCOM/Huawei] Token lấy được (SesTokInfo): c0ApW15rOzNoXGD...
2026-03-12 16:36:19,073 - root - INFO - [DCOM/Huawei] Dataswitch OFF -> HTTP 200 | <?xml version="1.0" encoding="UTF-8"?><response>OK</response>
2026-03-12 16:36:24,133 - root - INFO - [DCOM/Huawei] Dataswitch ON -> HTTP 200 | <?xml version="1.0" encoding="UTF-8"?><response>OK</response>
2026-03-12 16:36:24,133 - root - INFO - [DCOM] Đã gửi lệnh reset. Chờ 15s để modem kết nối lại...
2026-03-12 16:36:40,138 - root - INFO - [DCOM] IP hiện tại trên Ethernet 2: 59.153.254.178
2026-03-12 16:36:40,139 - root - INFO - [DCOM] ✅ Đổi IP thành công: 59.153.228.184 → 59.153.254.178
2026-03-12 16:36:40,247 - asyncio - ERROR - Future exception was never retrieved
future: <Future finished exception=TargetClosedError('Target page, context or browser has been closed\nBrowser logs:\n\n<launching> C:\\Users\\welcome\\AppData\\Local\\camoufox\\camoufox\\Cache\\camoufox.exe -no-remote -wait-for-browser -foreground -profile C:\\Users\\welcome\\AppData\\Local\\Temp\\playwright_firefoxdev_profile-PD6QMS -juggler-pipe -silent\n<launched> pid=15924\n[pid=15924][err] JavaScript warning: resource://services-settings/Utils.sys.mjs, line 57: unreachable code after return statement\n[pid=15924][err] JavaScript warning: resource://services-settings/Utils.sys.mjs, line 119: unreachable code after return statement\n[pid=15924][err] DEBUG: Juggler pipe initialized\n[pid=15924][err] DEBUG: Dispatcher created\n[pid=15924][out] \n[pid=15924][out] Juggler listening to the pipe\n[pid=15924][err] DEBUG: BrowserHandler created\n[pid=15924][err] DEBUG: BrowserHandler set as root session handler\n[pid=15924][out] console.error: "Warning: unrecognized command line flag" "-foreground"\n[pid=15924][out] console.error: "Ignoring protocol handler for mailto without a uriTemplate!"\n[pid=15924][out] console.error: SearchService: "#init: failure initializing search:" (new TypeError("defaultsConfig is undefined", "resource://gre/modules/SearchEngineSelector.sys.mjs", 752))\n[pid=15924][err] JavaScript error: resource://gre/modules/SearchEngineSelector.sys.mjs, line 752: TypeError: defaultsConfig is undefined\n[pid=15924][err] JavaScript error: resource://gre/modules/SearchEngineSelector.sys.mjs, line 752: TypeError: defaultsConfig is undefined\n[pid=15924][err] JavaScript error: resource://gre/modules/SearchEngineSelector.sys.mjs, line 752: TypeError: defaultsConfig is undefined\n[pid=15924][err] JavaScript error: resource://gre/modules/SearchEngineSelector.sys.mjs, line 752: TypeError: defaultsConfig is undefined\n[pid=15924][err] JavaScript error: resource://gre/modules/SearchEngineSelector.sys.mjs, line 752: TypeError: defaultsConfig is undefined\n[pid=15924][out] console.error: "Could not parse ASRouter preference. Try resetting browser.newtabpage.activity-stream.asrouter.providers.snippets in about:config."\n[pid=15924][out] console.error: SearchSettings: "_write: Could not write to settings file:" (new Error("cannot write without any engine.", "resource://gre/modules/SearchSettings.sys.mjs", 280))\n[pid=15924][err] JavaScript error: chrome://juggler/content/Helper.js, line 82: NS_ERROR_FAILURE: Component returned failure code: 0x80004005 (NS_ERROR_FAILURE) [nsIWebProgress.removeProgressListener]\n[pid=15924][out] console.error: WebExtensions: \n[pid=15924][out]   Message: TypeError: defaultsConfig is undefined\n[pid=15924][out]   Stack:\n[pid=15924][out]     #defaultEngines@resource://gre/modules/SearchEngineSelector.sys.mjs:752:22\n[pid=15924][out] fetchEngineConfiguration@resource://gre/modules/SearchEngineSelector.sys.mjs:375:65\n[pid=15924][out] \n[pid=15924][err] DEBUG: Installed 1 addon(s)\n[pid=15924][err] JavaScript warning: https://static.xx.fbcdn.net/rsrc.php/v4ilwa4/y-/l/vi_VN-j/ZkPgkVFg5F8.js, line 139: WEBGL_debug_renderer_info is deprecated in Firefox and will be removed. Please use RENDERER.\n[pid=15924][err] JavaScript error: resource:///modules/UrlbarProvidersManager.sys.mjs, line 710: TypeError: result is null\n[pid=15924][err] JavaScript error: resource://gre/modules/SearchService.sys.mjs, line 1290: Error: SearchService failed while it was initializing.\n[pid=15924][out] console.error: "Could not record event: " ({})\n[pid=15924][err] JavaScript error: chrome://juggler/content/content/FrameTree.js, line 583: TypeError: this.domWindow() is undefined\n[pid=15924][err] JavaScript error: chrome://juggler/content/Helper.js, line 82: NS_ERROR_FAILURE: Component returned failure code: 0x80004005 (NS_ERROR_FAILURE) [nsIWebProgress.removeProgressListener]\n[pid=15924][err] JavaScript warning: https://static.xx.fbcdn.net/rsrc.php/v4iH5M4/y-/l/vi_VN-j/Dut67Qxygso.js, line 97: WEBGL_debug_renderer_info is deprecated in Firefox and will be removed. Please use RENDERER.\n[pid=15924][err] JavaScript error: resource://gre/modules/SearchService.sys.mjs, line 1290: Error: SearchService failed while it was initializing.\n[pid=15924][out] console.error: "Could not record event: " ({})\n[pid=15924][out] \n[pid=15924][out]         ERROR: error in channel "content::9/13/6": exception while running method "callFunction" in namespace "page": Failed to find execution context with id = id-15 findExecutionContext@chrome://juggler/content/content/Runtime.js:319:13\n[pid=15924][out] callFunction@chrome://juggler/content/content/Runtime.js:99:35\n[pid=15924][out] _onMessageInternal@chrome://juggler/content/SimpleChannel.js:237:37\n[pid=15924][out] _onMessage@chrome://juggler/content/SimpleChannel.js:194:12\n[pid=15924][out] bindToActor/actor.receiveMessage@chrome://juggler/content/SimpleChannel.js:39:44\n[pid=15924][out]  _onMessageInternal@chrome://juggler/content/SimpleChannel.js:208:24\n[pid=15924][out] _onMessage@chrome://juggler/content/SimpleChannel.js:194:12\n[pid=15924][out] bindToActor/actor.receiveMessage@chrome://juggler/content/SimpleChannel.js:39:44\n[pid=15924][out] \n[pid=15924][err] JavaScript error: resource:///modules/UrlbarProvidersManager.sys.mjs, line 710: TypeError: result is null\n[pid=15924][err] JavaScript error: resource:///modules/UrlbarProvidersManager.sys.mjs, line 710: TypeError: result is null\n[pid=15924][err] JavaScript error: resource:///modules/UrlbarProvidersManager.sys.mjs, line 710: TypeError: result is null\n[pid=15924][err] JavaScript error: resource:///modules/UrlbarProvidersManager.sys.mjs, line 710: TypeError: result is null\n[pid=15924][err] JavaScript error: resource://gre/modules/SearchService.sys.mjs, line 1290: Error: SearchService failed while it was initializing.\n[pid=15924][out]       console.error: "Could not record event: " ({})\n[pid=15924][err] JavaScript error: chrome://juggler/content/content/FrameTree.js, line 583: TypeError: this.domWindow() is undefined\n[pid=15924][err] JavaScript error: chrome://juggler/content/Helper.js, line 82: NS_ERROR_FAILURE: Component returned failure code: 0x80004005 (NS_ERROR_FAILURE) [nsIWebProgress.removeProgressListener]\n[pid=15924][err] JavaScript warning: https://www.google.com/search?q=whoer, line 2: unreachable code after return statement\n[pid=15924][err] JavaScript warning: https://www.google.com/search?q=whoer, line 7282: unreachable code after return statement\n[pid=15924][err] JavaScript warning: https://www.google.com/search?q=whoer, line 7282: unreachable code after return statement\n[pid=15924][err] JavaScript warning: https://www.google.com/search?q=whoer, line 7282: unreachable code after return statement\n[pid=15924][err] JavaScript warning: https://www.google.com/search?q=whoer, line 7282: unreachable code after return statement\n[pid=15924][err] JavaScript warning: https://www.google.com/search?q=whoer, line 7282: unreachable code after return statement\n[pid=15924][err] JavaScript warning: https://www.google.com/search?q=whoer, line 7282: unreachable code after return statement\n[pid=15924][err] JavaScript warning: https://www.google.com/search?q=whoer, line 7282: unreachable code after return statement\n[pid=15924][err] JavaScript warning: https://www.google.com/search?q=whoer line 2 > eval, line 7282: unreachable code after return statement\n[pid=15924][err] JavaScript warning: https://www.google.com/search?q=whoer line 2 > eval, line 7282: unreachable code after return statement\n[pid=15924][err] JavaScript warning: https://www.google.com/search?q=whoer line 2 > eval, line 7282: unreachable code after return statement\n[pid=15924][err] JavaScript warning: https://www.google.com/search?q=whoer line 2 > eval, line 1: unreachable code after return statement\n[pid=15924][err] JavaScript warning: https://www.google.com/search?q=whoer line 2 > eval line 7282 > eval, line 1: unreachable code after return statement\n[pid=15924][err] JavaScript warning: https://www.google.com/search?q=whoer line 2 > eval, line 1: unreachable code after return statement\n[pid=15924][err] JavaScript warning: https://www.google.com/search?q=whoer line 2 > eval line 7282 > eval, line 1: unreachable code after return statement\n[pid=15924][err] JavaScript warning: https://www.google.com/search?q=whoer line 2 > eval line 7282 > eval, line 1: unreachable code after return statement\n[pid=15924][err] JavaScript warning: https://www.google.com/search?q=whoer line 2 > eval line 7282 > eval line 1 > eval, line 1: unreachable code after return statement\n[pid=15924][err] JavaScript warning: https://www.google.com/search?q=whoer line 2 > eval, line 7282: unreachable code after return statement\n[pid=15924][err] JavaScript warning: https://www.google.com/search?q=whoer line 2 > eval, line 7282: unreachable code after return statement\n[pid=15924][err] JavaScript warning: https://www.google.com/search?q=whoer line 2 > eval, line 7282: unreachable code after return statement\n[pid=15924][err] JavaScript warning: https://www.google.com/search?q=whoer line 2 > eval line 7282 > eval line 1 > eval, line 1: unreachable code after return statement\n[pid=15924][err] JavaScript warning: https://www.google.com/search?q=whoer line 2 > eval line 7282 > eval line 1 > eval, line 1: unreachable code after return statement\n[pid=15924][err] JavaScript warning: https://www.google.com/search?q=whoer line 2 > eval line 7282 > eval line 1 > eval, line 1: unreachable code after return statement\n[pid=15924][err] JavaScript warning: https://www.google.com/search?q=whoer line 2 > eval line 7282 > eval line 1 > eval line 1 > eval, line 1: unreachable code after return statement\n[pid=15924][err] JavaScript warning: https://www.google.com/search?q=whoer line 2 > eval line 7282 > eval line 1 > eval line 1 > eval, line 1: unreachable code after return statement\n[pid=15924][err] JavaScript warning: https://www.google.com/search?q=whoer line 2 > eval line 7282 > eval line 1 > eval line 1 > eval, line 1: unreachable code after return statement\n[pid=15924][err] JavaScript error: chrome://juggler/content/content/FrameTree.js, line 583: TypeError: this.domWindow() is undefined\n[pid=15924][err] JavaScript error: chrome://juggler/content/content/FrameTree.js, line 583: TypeError: this.domWindow() is undefined\n[pid=15924][err] JavaScript error: chrome://juggler/content/Helper.js, line 82: NS_ERROR_FAILURE: Component returned failure code: 0x80004005 (NS_ERROR_FAILURE) [nsIWebProgress.removeProgressListener]\n[pid=15924][err] JavaScript error: https://code.jquery.com/jquery-migrate-3.0.1.min.js, line 3: ReferenceError: jQuery is not defined\n[pid=15924][out] \n[pid=15924][out]         ERROR: error in channel "content::9/15/14": exception while running method "disposeObject" in namespace "page": Failed to find execution context with id = id-15 findExecutionContext@chrome://juggler/content/content/Runtime.js:319:13\n[pid=15924][out] disposeObject@chrome://juggler/content/content/Runtime.js:145:35\n[pid=15924][out] _onMessageInternal@chrome://juggler/content/SimpleChannel.js:237:37\n[pid=15924][out] _onMessage@chrome://juggler/content/SimpleChannel.js:194:12\n[pid=15924][out] bindToActor/actor.receiveMessage@chrome://juggler/content/SimpleChannel.js:39:44\n[pid=15924][out]  _onMessageInternal@chrome://juggler/content/SimpleChannel.js:208:24\n[pid=15924][out] _onMessage@chrome://juggler/content/SimpleChannel.js:194:12\n[pid=15924][out] bindToActor/actor.receiveMessage@chrome://juggler/content/SimpleChannel.js:39:44\n[pid=15924][out] \n[pid=15924][err] JavaScript error: https://whoer.net/js/webRtcLeak.js?1773308164, line 5: TypeError: peerConnection is not a constructor\n[pid=15924][err] JavaScript warning: https://cdn.botfaqtor.ru/one.js, line 468: WEBGL_debug_renderer_info is deprecated in Firefox and will be removed. Please use RENDERER.\n[pid=15924][err] JavaScript warning: https://cdn.botfaqtor.ru/one.js, line 478: WEBGL_debug_renderer_info is deprecated in Firefox and will be removed. Please use RENDERER.\n[pid=15924][err] JavaScript warning: https://cdn.botfaqtor.ru/one.js, line 139: WEBGL_debug_renderer_info is deprecated in Firefox and will be removed. Please use RENDERER.\n[pid=15924][err] JavaScript error: https://whoer.net/, line 4636: TypeError: popUpCounter is null\n[pid=15924][err] JavaScript warning: https://blocked.botfaqtor.ru/analyze.js, line 109: WEBGL_debug_renderer_info is deprecated in Firefox and will be removed. Please use RENDERER.\n[pid=15924][err] JavaScript warning: https://blocked.botfaqtor.ru/analyze.js, line 113: WEBGL_debug_renderer_info is deprecated in Firefox and will be removed. Please use RENDERER.\n[pid=15924][err] JavaScript warning: https://blocked.botfaqtor.ru/analyze.js, line 38: WEBGL_debug_renderer_info is deprecated in Firefox and will be removed. Please use RENDERER.\n[pid=15924] <gracefully close start>\n[pid=15924][err] DEBUG: BrowserHandler cleanup callback called\n[pid=15924][out]       \n[pid=15924][out]         ERROR: EventWatcher is being disposed dispose@chrome://juggler/content/Helper.js:230:22\n[pid=15924][out] dispose@chrome://juggler/content/protocol/PageHandler.js:168:15\n[pid=15924][out] _dispose@chrome://juggler/content/protocol/Dispatcher.js:130:21\n[pid=15924][out] destroySession@chrome://juggler/content/protocol/Dispatcher.js:36:13\n[pid=15924][out] dispose@chrome://juggler/content/protocol/BrowserHandler.js:79:24\n[pid=15924][out] _dispose@chrome://juggler/content/protocol/Dispatcher.js:130:21\n[pid=15924][out] _dispose@chrome://juggler/content/protocol/Dispatcher.js:42:23\n[pid=15924][out] observe/browserHandler<@chrome://juggler/content/components/Juggler.js:145:22\n[pid=15924][out] Browser.close@chrome://juggler/content/protocol/BrowserHandler.js:150:10\n[pid=15924][out] \n[pid=15924][err] JavaScript warning: moz-extension://a8b151ef-1bcb-41dc-aef8-99c119faed15/js/contentscript.js, line 1015: Script terminated by timeout at:\n[pid=15924][err] classesFromNode@moz-extension://a8b151ef-1bcb-41dc-aef8-99c119faed15/js/contentscript.js:1015:37\n[pid=15924][err] doSurvey@moz-extension://a8b151ef-1bcb-41dc-aef8-99c119faed15/js/contentscript.js:1064:32\n[pid=15924][err] onRAF@moz-extension://a8b151ef-1bcb-41dc-aef8-99c119faed15/js/contentscript.js:232:14\n[pid=15924][err] start/this.fid<@moz-extension://a8b151ef-1bcb-41dc-aef8-99c119faed15/js/contentscript.js:201:64\n[pid=15924][err] \n[pid=15924][err] JavaScript error: chrome://juggler/content/Helper.js, line 82: NS_ERROR_FAILURE: Component returned failure code: 0x80004005 (NS_ERROR_FAILURE) [nsIWebProgress.removeProgressListener]\n[pid=15924][err] JavaScript error: chrome://juggler/content/components/Juggler.js, line 134: NS_ERROR_FAILURE: Component returned failure code: 0x80004005 (NS_ERROR_FAILURE) [nsIRemoteDebuggingPipe.sendMessage]\n[pid=15924][out]       ')>
playwright._impl._errors.TargetClosedError: Target page, context or browser has been closed
Browser logs:

<launching> C:\Users\welcome\AppData\Local\camoufox\camoufox\Cache\camoufox.exe -no-remote -wait-for-browser -foreground -profile C:\Users\welcome\AppData\Local\Temp\playwright_firefoxdev_profile-PD6QMS -juggler-pipe -silent
<launched> pid=15924
[pid=15924][err] JavaScript warning: resource://services-settings/Utils.sys.mjs, line 57: unreachable code after return statement
[pid=15924][err] JavaScript warning: resource://services-settings/Utils.sys.mjs, line 119: unreachable code after return statement
[pid=15924][err] DEBUG: Juggler pipe initialized
[pid=15924][err] DEBUG: Dispatcher created
[pid=15924][out] 
[pid=15924][out] Juggler listening to the pipe
[pid=15924][err] DEBUG: BrowserHandler created
[pid=15924][err] DEBUG: BrowserHandler set as root session handler
[pid=15924][out] console.error: "Warning: unrecognized command line flag" "-foreground"
[pid=15924][out] console.error: "Ignoring protocol handler for mailto without a uriTemplate!"
[pid=15924][out] console.error: SearchService: "#init: failure initializing search:" (new TypeError("defaultsConfig is undefined", "resource://gre/modules/SearchEngineSelector.sys.mjs", 752))
[pid=15924][err] JavaScript error: resource://gre/modules/SearchEngineSelector.sys.mjs, line 752: TypeError: defaultsConfig is undefined
[pid=15924][err] JavaScript error: resource://gre/modules/SearchEngineSelector.sys.mjs, line 752: TypeError: defaultsConfig is undefined
[pid=15924][err] JavaScript error: resource://gre/modules/SearchEngineSelector.sys.mjs, line 752: TypeError: defaultsConfig is undefined
[pid=15924][err] JavaScript error: resource://gre/modules/SearchEngineSelector.sys.mjs, line 752: TypeError: defaultsConfig is undefined
[pid=15924][err] JavaScript error: resource://gre/modules/SearchEngineSelector.sys.mjs, line 752: TypeError: defaultsConfig is undefined
[pid=15924][out] console.error: "Could not parse ASRouter preference. Try resetting browser.newtabpage.activity-stream.asrouter.providers.snippets in about:config."
[pid=15924][out] console.error: SearchSettings: "_write: Could not write to settings file:" (new Error("cannot write without any engine.", "resource://gre/modules/SearchSettings.sys.mjs", 280))
[pid=15924][err] JavaScript error: chrome://juggler/content/Helper.js, line 82: NS_ERROR_FAILURE: Component returned failure code: 0x80004005 (NS_ERROR_FAILURE) [nsIWebProgress.removeProgressListener]
[pid=15924][out] console.error: WebExtensions: 
[pid=15924][out]   Message: TypeError: defaultsConfig is undefined
[pid=15924][out]   Stack:
[pid=15924][out]     #defaultEngines@resource://gre/modules/SearchEngineSelector.sys.mjs:752:22
[pid=15924][out] fetchEngineConfiguration@resource://gre/modules/SearchEngineSelector.sys.mjs:375:65
[pid=15924][out] 
[pid=15924][err] DEBUG: Installed 1 addon(s)
[pid=15924][err] JavaScript warning: https://static.xx.fbcdn.net/rsrc.php/v4ilwa4/y-/l/vi_VN-j/ZkPgkVFg5F8.js, line 139: WEBGL_debug_renderer_info is deprecated in Firefox and will be removed. Please use RENDERER.
[pid=15924][err] JavaScript error: resource:///modules/UrlbarProvidersManager.sys.mjs, line 710: TypeError: result is null
[pid=15924][err] JavaScript error: resource://gre/modules/SearchService.sys.mjs, line 1290: Error: SearchService failed while it was initializing.
[pid=15924][out] console.error: "Could not record event: " ({})
[pid=15924][err] JavaScript error: chrome://juggler/content/content/FrameTree.js, line 583: TypeError: this.domWindow() is undefined
[pid=15924][err] JavaScript error: chrome://juggler/content/Helper.js, line 82: NS_ERROR_FAILURE: Component returned failure code: 0x80004005 (NS_ERROR_FAILURE) [nsIWebProgress.removeProgressListener]
[pid=15924][err] JavaScript warning: https://static.xx.fbcdn.net/rsrc.php/v4iH5M4/y-/l/vi_VN-j/Dut67Qxygso.js, line 97: WEBGL_debug_renderer_info is deprecated in Firefox and will be removed. Please use RENDERER.
[pid=15924][err] JavaScript error: resource://gre/modules/SearchService.sys.mjs, line 1290: Error: SearchService failed while it was initializing.
[pid=15924][out] console.error: "Could not record event: " ({})
[pid=15924][out] 
[pid=15924][out]         ERROR: error in channel "content::9/13/6": exception while running method "callFunction" in namespace "page": Failed to find execution context with id = id-15 findExecutionContext@chrome://juggler/content/content/Runtime.js:319:13
[pid=15924][out] callFunction@chrome://juggler/content/content/Runtime.js:99:35
[pid=15924][out] _onMessageInternal@chrome://juggler/content/SimpleChannel.js:237:37
[pid=15924][out] _onMessage@chrome://juggler/content/SimpleChannel.js:194:12
[pid=15924][out] bindToActor/actor.receiveMessage@chrome://juggler/content/SimpleChannel.js:39:44
[pid=15924][out]  _onMessageInternal@chrome://juggler/content/SimpleChannel.js:208:24
[pid=15924][out] _onMessage@chrome://juggler/content/SimpleChannel.js:194:12
[pid=15924][out] bindToActor/actor.receiveMessage@chrome://juggler/content/SimpleChannel.js:39:44
[pid=15924][out] 
[pid=15924][err] JavaScript error: resource:///modules/UrlbarProvidersManager.sys.mjs, line 710: TypeError: result is null
[pid=15924][err] JavaScript error: resource:///modules/UrlbarProvidersManager.sys.mjs, line 710: TypeError: result is null
[pid=15924][err] JavaScript error: resource:///modules/UrlbarProvidersManager.sys.mjs, line 710: TypeError: result is null
[pid=15924][err] JavaScript error: resource:///modules/UrlbarProvidersManager.sys.mjs, line 710: TypeError: result is null
[pid=15924][err] JavaScript error: resource://gre/modules/SearchService.sys.mjs, line 1290: Error: SearchService failed while it was initializing.
[pid=15924][out]       console.error: "Could not record event: " ({})
[pid=15924][err] JavaScript error: chrome://juggler/content/content/FrameTree.js, line 583: TypeError: this.domWindow() is undefined
[pid=15924][err] JavaScript error: chrome://juggler/content/Helper.js, line 82: NS_ERROR_FAILURE: Component returned failure code: 0x80004005 (NS_ERROR_FAILURE) [nsIWebProgress.removeProgressListener]
[pid=15924][err] JavaScript warning: https://www.google.com/search?q=whoer, line 2: unreachable code after return statement
[pid=15924][err] JavaScript warning: https://www.google.com/search?q=whoer, line 7282: unreachable code after return statement
[pid=15924][err] JavaScript warning: https://www.google.com/search?q=whoer, line 7282: unreachable code after return statement
[pid=15924][err] JavaScript warning: https://www.google.com/search?q=whoer, line 7282: unreachable code after return statement
[pid=15924][err] JavaScript warning: https://www.google.com/search?q=whoer, line 7282: unreachable code after return statement
[pid=15924][err] JavaScript warning: https://www.google.com/search?q=whoer, line 7282: unreachable code after return statement
[pid=15924][err] JavaScript warning: https://www.google.com/search?q=whoer, line 7282: unreachable code after return statement
[pid=15924][err] JavaScript warning: https://www.google.com/search?q=whoer, line 7282: unreachable code after return statement
[pid=15924][err] JavaScript warning: https://www.google.com/search?q=whoer line 2 > eval, line 7282: unreachable code after return statement
[pid=15924][err] JavaScript warning: https://www.google.com/search?q=whoer line 2 > eval, line 7282: unreachable code after return statement
[pid=15924][err] JavaScript warning: https://www.google.com/search?q=whoer line 2 > eval, line 7282: unreachable code after return statement
[pid=15924][err] JavaScript warning: https://www.google.com/search?q=whoer line 2 > eval, line 1: unreachable code after return statement
[pid=15924][err] JavaScript warning: https://www.google.com/search?q=whoer line 2 > eval line 7282 > eval, line 1: unreachable code after return statement
[pid=15924][err] JavaScript warning: https://www.google.com/search?q=whoer line 2 > eval, line 1: unreachable code after return statement
[pid=15924][err] JavaScript warning: https://www.google.com/search?q=whoer line 2 > eval line 7282 > eval, line 1: unreachable code after return statement
[pid=15924][err] JavaScript warning: https://www.google.com/search?q=whoer line 2 > eval line 7282 > eval, line 1: unreachable code after return statement
[pid=15924][err] JavaScript warning: https://www.google.com/search?q=whoer line 2 > eval line 7282 > eval line 1 > eval, line 1: unreachable code after return statement
[pid=15924][err] JavaScript warning: https://www.google.com/search?q=whoer line 2 > eval, line 7282: unreachable code after return statement
[pid=15924][err] JavaScript warning: https://www.google.com/search?q=whoer line 2 > eval, line 7282: unreachable code after return statement
[pid=15924][err] JavaScript warning: https://www.google.com/search?q=whoer line 2 > eval, line 7282: unreachable code after return statement
[pid=15924][err] JavaScript warning: https://www.google.com/search?q=whoer line 2 > eval line 7282 > eval line 1 > eval, line 1: unreachable code after return statement
[pid=15924][err] JavaScript warning: https://www.google.com/search?q=whoer line 2 > eval line 7282 > eval line 1 > eval, line 1: unreachable code after return statement
[pid=15924][err] JavaScript warning: https://www.google.com/search?q=whoer line 2 > eval line 7282 > eval line 1 > eval, line 1: unreachable code after return statement
[pid=15924][err] JavaScript warning: https://www.google.com/search?q=whoer line 2 > eval line 7282 > eval line 1 > eval line 1 > eval, line 1: unreachable code after return statement
[pid=15924][err] JavaScript warning: https://www.google.com/search?q=whoer line 2 > eval line 7282 > eval line 1 > eval line 1 > eval, line 1: unreachable code after return statement
[pid=15924][err] JavaScript warning: https://www.google.com/search?q=whoer line 2 > eval line 7282 > eval line 1 > eval line 1 > eval, line 1: unreachable code after return statement
[pid=15924][err] JavaScript error: chrome://juggler/content/content/FrameTree.js, line 583: TypeError: this.domWindow() is undefined
[pid=15924][err] JavaScript error: chrome://juggler/content/content/FrameTree.js, line 583: TypeError: this.domWindow() is undefined
[pid=15924][err] JavaScript error: chrome://juggler/content/Helper.js, line 82: NS_ERROR_FAILURE: Component returned failure code: 0x80004005 (NS_ERROR_FAILURE) [nsIWebProgress.removeProgressListener]
[pid=15924][err] JavaScript error: https://code.jquery.com/jquery-migrate-3.0.1.min.js, line 3: ReferenceError: jQuery is not defined
[pid=15924][out] 
[pid=15924][out]         ERROR: error in channel "content::9/15/14": exception while running method "disposeObject" in namespace "page": Failed to find execution context with id = id-15 findExecutionContext@chrome://juggler/content/content/Runtime.js:319:13
[pid=15924][out] disposeObject@chrome://juggler/content/content/Runtime.js:145:35
[pid=15924][out] _onMessageInternal@chrome://juggler/content/SimpleChannel.js:237:37
[pid=15924][out] _onMessage@chrome://juggler/content/SimpleChannel.js:194:12
[pid=15924][out] bindToActor/actor.receiveMessage@chrome://juggler/content/SimpleChannel.js:39:44
[pid=15924][out]  _onMessageInternal@chrome://juggler/content/SimpleChannel.js:208:24
[pid=15924][out] _onMessage@chrome://juggler/content/SimpleChannel.js:194:12
[pid=15924][out] bindToActor/actor.receiveMessage@chrome://juggler/content/SimpleChannel.js:39:44
[pid=15924][out] 
[pid=15924][err] JavaScript error: https://whoer.net/js/webRtcLeak.js?1773308164, line 5: TypeError: peerConnection is not a constructor
[pid=15924][err] JavaScript warning: https://cdn.botfaqtor.ru/one.js, line 468: WEBGL_debug_renderer_info is deprecated in Firefox and will be removed. Please use RENDERER.
[pid=15924][err] JavaScript warning: https://cdn.botfaqtor.ru/one.js, line 478: WEBGL_debug_renderer_info is deprecated in Firefox and will be removed. Please use RENDERER.
[pid=15924][err] JavaScript warning: https://cdn.botfaqtor.ru/one.js, line 139: WEBGL_debug_renderer_info is deprecated in Firefox and will be removed. Please use RENDERER.
[pid=15924][err] JavaScript error: https://whoer.net/, line 4636: TypeError: popUpCounter is null
[pid=15924][err] JavaScript warning: https://blocked.botfaqtor.ru/analyze.js, line 109: WEBGL_debug_renderer_info is deprecated in Firefox and will be removed. Please use RENDERER.
[pid=15924][err] JavaScript warning: https://blocked.botfaqtor.ru/analyze.js, line 113: WEBGL_debug_renderer_info is deprecated in Firefox and will be removed. Please use RENDERER.
[pid=15924][err] JavaScript warning: https://blocked.botfaqtor.ru/analyze.js, line 38: WEBGL_debug_renderer_info is deprecated in Firefox and will be removed. Please use RENDERER.
[pid=15924] <gracefully close start>
[pid=15924][err] DEBUG: BrowserHandler cleanup callback called
[pid=15924][out]       
[pid=15924][out]         ERROR: EventWatcher is being disposed dispose@chrome://juggler/content/Helper.js:230:22
[pid=15924][out] dispose@chrome://juggler/content/protocol/PageHandler.js:168:15
[pid=15924][out] _dispose@chrome://juggler/content/protocol/Dispatcher.js:130:21
[pid=15924][out] destroySession@chrome://juggler/content/protocol/Dispatcher.js:36:13
[pid=15924][out] dispose@chrome://juggler/content/protocol/BrowserHandler.js:79:24
[pid=15924][out] _dispose@chrome://juggler/content/protocol/Dispatcher.js:130:21
[pid=15924][out] _dispose@chrome://juggler/content/protocol/Dispatcher.js:42:23
[pid=15924][out] observe/browserHandler<@chrome://juggler/content/components/Juggler.js:145:22
[pid=15924][out] Browser.close@chrome://juggler/content/protocol/BrowserHandler.js:150:10
[pid=15924][out] 
[pid=15924][err] JavaScript warning: moz-extension://a8b151ef-1bcb-41dc-aef8-99c119faed15/js/contentscript.js, line 1015: Script terminated by timeout at:
[pid=15924][err] classesFromNode@moz-extension://a8b151ef-1bcb-41dc-aef8-99c119faed15/js/contentscript.js:1015:37
[pid=15924][err] doSurvey@moz-extension://a8b151ef-1bcb-41dc-aef8-99c119faed15/js/contentscript.js:1064:32
[pid=15924][err] onRAF@moz-extension://a8b151ef-1bcb-41dc-aef8-99c119faed15/js/contentscript.js:232:14
[pid=15924][err] start/this.fid<@moz-extension://a8b151ef-1bcb-41dc-aef8-99c119faed15/js/contentscript.js:201:64
[pid=15924][err] 
[pid=15924][err] JavaScript error: chrome://juggler/content/Helper.js, line 82: NS_ERROR_FAILURE: Component returned failure code: 0x80004005 (NS_ERROR_FAILURE) [nsIWebProgress.removeProgressListener]
[pid=15924][err] JavaScript error: chrome://juggler/content/components/Juggler.js, line 134: NS_ERROR_FAILURE: Component returned failure code: 0x80004005 (NS_ERROR_FAILURE) [nsIRemoteDebuggingPipe.sendMessage]
[pid=15924][out]       
