2026-03-12 17:38:25,104 - root - INFO - --- 🔄 KHỞI ĐỘNG CHU KỲ FB ĐĂNG KÝ MỚI (#1) ---
2026-03-12 17:38:25,104 - root - INFO - --- [CHUYỂN IP] Đang thực hiện đổi IP cho Chu kỳ #1... ---
2026-03-12 17:38:26,212 - root - INFO - [DCOM] IP hiện tại trên Ethernet 2: 59.153.226.139
2026-03-12 17:38:26,213 - root - INFO - [DCOM] IP cũ: 59.153.226.139 — Đang reset kết nối (huawei)...
2026-03-12 17:38:26,249 - root - INFO - [DCOM/Huawei] Token lấy được (SesTokInfo): yICure5gpsNJo0d...
2026-03-12 17:38:26,267 - root - INFO - [DCOM/Huawei] Dataswitch OFF -> HTTP 200 | <?xml version="1.0" encoding="UTF-8"?><response>OK</response>
2026-03-12 17:38:31,349 - root - INFO - [DCOM/Huawei] Dataswitch ON -> HTTP 200 | <?xml version="1.0" encoding="UTF-8"?><response>OK</response>
2026-03-12 17:38:31,349 - root - INFO - [DCOM] Đã gửi lệnh reset. Chờ 15s để modem kết nối lại...
2026-03-12 17:38:47,943 - root - INFO - [DCOM] IP hiện tại trên Ethernet 2: 59.153.226.30
2026-03-12 17:38:47,943 - root - INFO - [DCOM] ✅ Đổi IP thành công: 59.153.226.139 → 59.153.226.30
2026-03-12 17:38:48,972 - root - INFO - [DCOM] IP hiện tại trên Ethernet 2: 59.153.226.30
2026-03-12 17:38:48,973 - root - INFO - 🚀 IP Hiện Tại: 59.153.226.30
2026-03-12 17:38:48,973 - root - INFO - Đợi mạng ổn định hoàn toàn (10s)...
2026-03-12 17:38:58,980 - root - INFO - --- [SETUP] ĐANG LẤY EMAIL TỪ GUERRILLA (Vui lòng chờ)... ---
2026-03-12 17:39:00,228 - GuerrillaMail - INFO - Lấy email thành công: bacgbqgk@guerrillamailblock.com
2026-03-12 17:39:00,229 - root - INFO - [DCOM_PROXY] Khởi động SOCKS5 proxy dựa trên Routing động...
2026-03-12 17:39:00,251 - DCOMProxy - INFO - [DCOMProxy] ✅ SOCKS5 Proxy sẵn sàng tại 127.0.0.1:57487
2026-03-12 17:39:00,251 - DCOMProxy - INFO - [DCOMProxy] 🔗 Tất cả domains sẽ được Route động (/32) sang DCOM Gateway: 192.168.16.1
2026-03-12 17:39:00,252 - root - INFO - [DCOM_PROXY] ✅ Proxy sẵn sàng: socks5://127.0.0.1:57487
2026-03-12 17:39:00,596 - BROWSER - INFO - 🦊 [CAMOUFOX] Launching: headless=False | os=windows | locale=vi-VN
2026-03-12 17:39:08,473 - BROWSER - INFO - ✅ [CAMOUFOX] Browser & Page ready.
2026-03-12 17:39:08,473 - root - INFO - --- [MONITOR] Đang kích hoạt chế độ giám sát Tracking của Facebook... ---
2026-03-12 17:39:08,478 - root - INFO - 💓 [WATCHDOG] Kích hoạt Heartbeat giữ trình duyệt...
2026-03-12 17:39:14,116 - root - INFO - [FB_REG] --- 🚀 KHỞI ĐỘNG LUỒNG ĐĂNG KÝ FACEBOOK ---
2026-03-12 17:39:14,116 - root - INFO - [FB_REG] Email mục tiêu: bacgbqgk@guerrillamailblock.com | Họ: Tran | Tên: Uy
2026-03-12 17:39:14,116 - root - INFO - [FB_REG] 1️⃣ Truy cập trang đăng ký...
2026-03-12 17:39:18,139 - root - INFO - [FB_REG] 2️⃣ Điền thông tin cá nhân...
2026-03-12 17:39:20,711 - root - INFO - ✅ Đã điền Họ: Tran
2026-03-12 17:39:21,857 - root - INFO - ✅ Đã điền Tên: Uy
2026-03-12 17:39:21,857 - root - INFO - [FB_REG] 3️⃣ Bắt đầu SMART TAB để điền thông tin...
2026-03-12 17:39:22,395 - root - INFO - 🔍 [DEBUG_FOCUS] Step_1 | Tag: DIV | Aria: Xóa văn bản | Text:  | Role: button
2026-03-12 17:39:22,937 - root - INFO - 🔍 [DEBUG_FOCUS] Step_2 | Tag: DIV | Aria: Nhấp để biết thêm thông tin về cách nhập ngày sinh | Text:  | Role: button
2026-03-12 17:39:22,937 - root - INFO - ⏭️ Bỏ qua nút trợ giúp: nhấp để biết thêm thông tin về cách nhập ngày sinh
2026-03-12 17:39:23,464 - root - INFO - 🔍 [DEBUG_FOCUS] Step_3 | Tag: DIV | Aria: Chọn ngày | Text: Ngày | Role: combobox
2026-03-12 17:39:23,464 - root - INFO - 🎯 Đang điền Ngày: 20
2026-03-12 17:39:25,802 - root - INFO - 🔍 [DEBUG_FOCUS] Step_4 | Tag: DIV | Aria: Chọn tháng | Text: Tháng | Role: combobox
2026-03-12 17:39:25,802 - root - INFO - 🎯 Đang điền Tháng: 12
2026-03-12 17:39:29,784 - root - INFO - 🔍 [DEBUG_FOCUS] Step_5 | Tag: DIV | Aria: Chọn năm | Text: Năm | Role: combobox
2026-03-12 17:39:29,784 - root - INFO - 🎯 Đang điền Năm: 2004
2026-03-12 17:39:32,528 - root - INFO - 🔍 [DEBUG_FOCUS] Step_6 | Tag: DIV | Aria: Nhấp để biết thêm thông tin về cách chọn giới tính | Text:  | Role: button
2026-03-12 17:39:32,529 - root - INFO - ⏭️ Bỏ qua nút trợ giúp: nhấp để biết thêm thông tin về cách chọn giới tính
2026-03-12 17:39:33,054 - root - INFO - 🔍 [DEBUG_FOCUS] Step_7 | Tag: DIV | Aria:  | Text: Chọn giới tính | Role: combobox
2026-03-12 17:39:33,054 - root - INFO - 🎯 Đang chọn Giới tính: Nam
2026-03-12 17:39:35,986 - root - INFO - 🔍 [DEBUG_FOCUS] Step_8 | Tag: INPUT | Aria:  | Text:  | Role: 
2026-03-12 17:39:35,986 - root - INFO - 🎯 Đang điền Email: bacgbqgk@guerrillamailblock.com (Step 8)
2026-03-12 17:39:40,141 - root - INFO - 🔍 [DEBUG_FOCUS] Step_9 | Tag: DIV | Aria: Xóa văn bản | Text:  | Role: button
2026-03-12 17:39:40,683 - root - INFO - 🔍 [DEBUG_FOCUS] Step_10 | Tag: A | Aria:  | Text: Tìm hiểu vì sao chúng tôi yêu cầu thông tin liên hệ của bạn | Role: link
2026-03-12 17:39:40,683 - root - INFO - ⏭️ Bỏ qua link: tìm hiểu vì sao chúng tôi yêu cầu thông tin liên hệ của bạn
2026-03-12 17:39:41,209 - root - INFO - 🔍 [DEBUG_FOCUS] Step_11 | Tag: INPUT | Aria:  | Text:  | Role: 
2026-03-12 17:39:41,209 - root - INFO - 🎯 Đang điền Mật khẩu (Step 11)...
2026-03-12 17:39:44,030 - root - INFO - 🔍 [DEBUG_FOCUS] Step_12 | Tag: DIV | Aria: Hiển thị mật khẩu | Text:  | Role: button
2026-03-12 17:39:44,560 - root - INFO - 🔍 [DEBUG_FOCUS] Step_13 | Tag: A | Aria:  | Text: Tìm hiểu thêm | Role: link
2026-03-12 17:39:44,561 - root - INFO - ⏭️ Bỏ qua link: tìm hiểu thêm
2026-03-12 17:39:45,102 - root - INFO - 🔍 [DEBUG_FOCUS] Step_14 | Tag: A | Aria:  | Text: Điều khoản | Role: link
2026-03-12 17:39:45,102 - root - INFO - ⏭️ Bỏ qua link: điều khoản
2026-03-12 17:39:45,630 - root - INFO - 🔍 [DEBUG_FOCUS] Step_15 | Tag: A | Aria:  | Text: Chính sách quyền riêng tư | Role: link
2026-03-12 17:39:45,630 - root - INFO - ⏭️ Bỏ qua link: chính sách quyền riêng tư
2026-03-12 17:39:46,157 - root - INFO - 🔍 [DEBUG_FOCUS] Step_16 | Tag: A | Aria:  | Text: Chính sách cookie | Role: link
2026-03-12 17:39:46,157 - root - INFO - ⏭️ Bỏ qua link: chính sách cookie
2026-03-12 17:39:46,686 - root - INFO - 🔍 [DEBUG_FOCUS] Step_17 | Tag: A | Aria:  | Text: Chính sách quyền riêng tư | Role: link
2026-03-12 17:39:46,686 - root - INFO - ⏭️ Bỏ qua link: chính sách quyền riêng tư
2026-03-12 17:39:47,212 - root - INFO - 🔍 [DEBUG_FOCUS] Step_18 | Tag: DIV | Aria:  | Text: Gửi | Role: button
2026-03-12 17:39:47,213 - root - INFO - 🏁 Đã đến nút Submit (gửi).
2026-03-12 17:39:47,213 - root - INFO - ⌨️ Gửi form bằng phím ENTER (Standard React Action)...
2026-03-12 17:39:49,241 - root - INFO - 🖱️ Vẫn ở trang cũ -> Thực hiện Click trực tiếp bằng tọa độ...
2026-03-12 17:39:52,275 - root - INFO - ✅ Đã gửi lệnh Submit. Đợi hệ thống xử lý trang OTP (10s)...
2026-03-12 17:40:02,298 - root - INFO - ✅ Kết quả SMART TAB: {'Ngày': True, 'Tháng': True, 'Năm': True, 'Giới tính': True, 'Email': True, 'Pass': True}
2026-03-12 17:40:02,298 - root - INFO - ✅ Kết quả SMART TAB: {'Ngày': True, 'Tháng': True, 'Năm': True, 'Giới tính': True, 'Email': True, 'Pass': True}
2026-03-12 17:40:02,298 - root - INFO - [FB_REG] Đang chuyển sang Bước 6: Xác thực OTP...
2026-03-12 17:40:02,298 - root - INFO - [FB_REG] 6️⃣ Bắt đầu SMART TAB để nhập mã OTP...
2026-03-12 17:40:07,305 - root - INFO - [FB_REG] 🔍 Đang check mail lấy mã OTP...
2026-03-12 17:40:07,305 - GuerrillaMail - INFO - Đang quét hộp thư cho bacgbqgk@guerrillamailblock.com...
2026-03-12 17:42:11,493 - root - ERROR - [FB_REG] Không lấy được mã code từ email.
2026-03-12 17:42:11,812 - root - INFO - 🔍 [DEBUG_FOCUS] Step_Verification_1 | Tag: A | Aria:  | Text:  | Role: 
2026-03-12 17:42:12,127 - root - INFO - 🔍 [DEBUG_FOCUS] Step_Verification_2 | Tag: A | Aria:  | Text: My IP | Role: 
2026-03-12 17:42:12,453 - root - INFO - 🔍 [DEBUG_FOCUS] Step_Verification_3 | Tag: A | Aria:  | Text: VPN | Role: 
2026-03-12 17:42:12,781 - root - INFO - 🔍 [DEBUG_FOCUS] Step_Verification_4 | Tag: A | Aria:  | Text: WADE X Browser | Role: 
2026-03-12 17:42:13,106 - root - INFO - 🔍 [DEBUG_FOCUS] Step_Verification_5 | Tag: A | Aria:  | Text: Crypto | Role: 
2026-03-12 17:42:13,434 - root - INFO - 🔍 [DEBUG_FOCUS] Step_Verification_6 | Tag: A | Aria:  | Text: Buy VPN now | Role: 
2026-03-12 17:42:13,435 - root - INFO - 🏁 Có vẻ đã thoát khỏi luồng xác minh. Kiểm tra kết quả...
2026-03-12 17:42:13,435 - root - INFO - --- Đã hoàn tất luồng kiểm tra hậu OTP ---
2026-03-12 17:42:18,526 - root - INFO - [FB_REG] URL hiện tại: https://whoer.net/
2026-03-12 17:42:18,527 - root - WARNING - [FB_REG] ❌ Kết quả KHÔNG thành công. URL: https://whoer.net/
2026-03-12 17:42:18,527 - root - ERROR - Đăng ký thất bại. Error Code: REG_FAILED
2026-03-12 17:42:26,742 - BROWSER - INFO - 🔒 [CAMOUFOX] Browser closed.
2026-03-12 17:42:26,743 - root - INFO - Browser closed.
2026-03-12 17:42:26,743 - root - INFO - --- 💤 Chu kỳ #1 kết thúc. Chuyển sang lượt mới... ---
2026-03-12 17:42:28,754 - root - INFO - --- 🔄 KHỞI ĐỘNG CHU KỲ FB ĐĂNG KÝ MỚI (#2) ---
2026-03-12 17:42:28,754 - root - INFO - --- [CHUYỂN IP] Đang thực hiện đổi IP cho Chu kỳ #2... ---
2026-03-12 17:42:29,772 - root - INFO - [DCOM] IP hiện tại trên Ethernet 2: 59.153.226.30
2026-03-12 17:42:29,772 - root - INFO - [DCOM] IP cũ: 59.153.226.30 — Đang reset kết nối (huawei)...
2026-03-12 17:42:29,808 - root - INFO - [DCOM/Huawei] Token lấy được (SesTokInfo): Q2AMs7Y2RIA7sPq...
2026-03-12 17:42:29,869 - root - INFO - [DCOM/Huawei] Dataswitch OFF -> HTTP 200 | <?xml version="1.0" encoding="UTF-8"?><response>OK</response>
2026-03-12 17:42:34,948 - root - INFO - [DCOM/Huawei] Dataswitch ON -> HTTP 200 | <?xml version="1.0" encoding="UTF-8"?><response>OK</response>
2026-03-12 17:42:34,949 - root - INFO - [DCOM] Đã gửi lệnh reset. Chờ 15s để modem kết nối lại...
2026-03-12 17:42:51,081 - root - INFO - [DCOM] IP hiện tại trên Ethernet 2: 59.153.251.54
2026-03-12 17:42:51,082 - root - INFO - [DCOM] ✅ Đổi IP thành công: 59.153.226.30 → 59.153.251.54
2026-03-12 17:42:51,911 - root - INFO - [DCOM] IP hiện tại trên Ethernet 2: 59.153.251.54
2026-03-12 17:42:51,912 - root - INFO - 🚀 IP Hiện Tại: 59.153.251.54
2026-03-12 17:42:51,912 - root - INFO - Đợi mạng ổn định hoàn toàn (10s)...
2026-03-12 17:43:01,926 - root - INFO - --- [SETUP] ĐANG LẤY EMAIL TỪ GUERRILLA (Vui lòng chờ)... ---
2026-03-12 17:43:03,117 - GuerrillaMail - INFO - Lấy email thành công: hlkxhzst@guerrillamailblock.com
2026-03-12 17:43:03,117 - root - INFO - [DCOM_PROXY] Khởi động SOCKS5 proxy dựa trên Routing động...
2026-03-12 17:43:03,138 - root - INFO - [DCOM_PROXY] ✅ Proxy sẵn sàng: socks5://127.0.0.1:57487
2026-03-12 17:43:03,139 - BROWSER - INFO - 🦊 [CAMOUFOX] Launching: headless=False | os=windows | locale=vi-VN
2026-03-12 17:43:08,256 - BROWSER - INFO - ✅ [CAMOUFOX] Browser & Page ready.
2026-03-12 17:43:08,256 - root - INFO - --- [MONITOR] Đang kích hoạt chế độ giám sát Tracking của Facebook... ---
2026-03-12 17:43:08,260 - root - INFO - 💓 [WATCHDOG] Kích hoạt Heartbeat giữ trình duyệt...
2026-03-12 17:43:11,095 - asyncio - ERROR - Future exception was never retrieved
future: <Future finished exception=TargetClosedError('Target page, context or browser has been closed\nBrowser logs:\n\n<launching> C:\\Users\\welcome\\AppData\\Local\\camoufox\\camoufox\\Cache\\camoufox.exe -no-remote -wait-for-browser -foreground -profile C:\\Users\\welcome\\AppData\\Local\\Temp\\playwright_firefoxdev_profile-7MMRwh -juggler-pipe -silent\n<launched> pid=36712\n[pid=36712][err] JavaScript warning: resource://services-settings/Utils.sys.mjs, line 57: unreachable code after return statement\n[pid=36712][err] JavaScript warning: resource://services-settings/Utils.sys.mjs, line 119: unreachable code after return statement\n[pid=36712][err] DEBUG: Juggler pipe initialized\n[pid=36712][err] DEBUG: Dispatcher created\n[pid=36712][out] \n[pid=36712][out] Juggler listening to the pipe\n[pid=36712][err] DEBUG: BrowserHandler created\n[pid=36712][err] DEBUG: BrowserHandler set as root session handler\n[pid=36712][out] console.error: "Warning: unrecognized command line flag" "-foreground"\n[pid=36712][out] console.error: "Ignoring protocol handler for mailto without a uriTemplate!"\n[pid=36712][err] JavaScript error: chrome://juggler/content/Helper.js, line 82: NS_ERROR_FAILURE: Component returned failure code: 0x80004005 (NS_ERROR_FAILURE) [nsIWebProgress.removeProgressListener]\n[pid=36712][err] DEBUG: Installed 1 addon(s)\n[pid=36712][out] console.error: SearchService: "#init: failure initializing search:" (new TypeError("defaultsConfig is undefined", "resource://gre/modules/SearchEngineSelector.sys.mjs", 752))\n[pid=36712][err] JavaScript error: resource://gre/modules/SearchEngineSelector.sys.mjs, line 752: TypeError: defaultsConfig is undefined\n[pid=36712][err] JavaScript error: resource://gre/modules/SearchEngineSelector.sys.mjs, line 752: TypeError: defaultsConfig is undefined\n[pid=36712][err] JavaScript error: resource://gre/modules/SearchEngineSelector.sys.mjs, line 752: TypeError: defaultsConfig is undefined\n[pid=36712][err] JavaScript error: resource://gre/modules/SearchEngineSelector.sys.mjs, line 752: TypeError: defaultsConfig is undefined\n[pid=36712][out] console.error: WebExtensions: \n[pid=36712][out]   Message: TypeError: defaultsConfig is undefined\n[pid=36712][out]   Stack:\n[pid=36712][out]     #defaultEngines@resource://gre/modules/SearchEngineSelector.sys.mjs:752:22\n[pid=36712][out] fetchEngineConfiguration@resource://gre/modules/SearchEngineSelector.sys.mjs:375:65\n[pid=36712][out] \n[pid=36712][err] JavaScript error: resource://gre/modules/SearchEngineSelector.sys.mjs, line 752: TypeError: defaultsConfig is undefined\n[pid=36712][out] console.error: "Could not parse ASRouter preference. Try resetting browser.newtabpage.activity-stream.asrouter.providers.snippets in about:config."\n[pid=36712][out] console.error: SearchSettings: "_write: Could not write to settings file:" (new Error("cannot write without any engine.", "resource://gre/modules/SearchSettings.sys.mjs", 280))\n[pid=36712][err] JavaScript warning: https://static.xx.fbcdn.net/rsrc.php/v4ilwa4/y-/l/vi_VN-j/ZkPgkVFg5F8.js, line 139: WEBGL_debug_renderer_info is deprecated in Firefox and will be removed. Please use RENDERER.\n[pid=36712][err] JavaScript error: chrome://juggler/content/content/FrameTree.js, line 583: TypeError: this.domWindow() is undefined\n[pid=36712][err] JavaScript error: chrome://juggler/content/Helper.js, line 82: NS_ERROR_FAILURE: Component returned failure code: 0x80004005 (NS_ERROR_FAILURE) [nsIWebProgress.removeProgressListener]\n[pid=36712][err] JavaScript warning: https://static.xx.fbcdn.net/rsrc.php/v4iH5M4/y-/l/vi_VN-j/Dut67Qxygso.js, line 97: WEBGL_debug_renderer_info is deprecated in Firefox and will be removed. Please use RENDERER.\n[pid=36712][err] JavaScript error: resource:///modules/UrlbarProvidersManager.sys.mjs, line 710: TypeError: result is null\n[pid=36712][err] JavaScript error: resource:///modules/UrlbarProvidersManager.sys.mjs, line 710: TypeError: result is null\n[pid=36712][err] JavaScript error: resource:///modules/UrlbarProvidersManager.sys.mjs, line 710: TypeError: result is null\n[pid=36712][err] JavaScript error: resource:///modules/UrlbarProvidersManager.sys.mjs, line 710: TypeError: result is null\n[pid=36712][err] JavaScript error: resource://gre/modules/SearchService.sys.mjs, line 1290: Error: SearchService failed while it was initializing.\n[pid=36712][out] console.error: "Could not record event: " ({})\n[pid=36712][err] JavaScript error: chrome://juggler/content/content/FrameTree.js, line 583: TypeError: this.domWindow() is undefined\n[pid=36712][err] JavaScript error: chrome://juggler/content/content/FrameTree.js, line 583: TypeError: this.domWindow() is undefined\n[pid=36712][err] JavaScript error: chrome://juggler/content/Helper.js, line 82: NS_ERROR_FAILURE: Component returned failure code: 0x80004005 (NS_ERROR_FAILURE) [nsIWebProgress.removeProgressListener]\n[pid=36712][err] JavaScript error: https://code.jquery.com/jquery-migrate-3.0.1.min.js, line 3: ReferenceError: jQuery is not defined\n[pid=36712][err] JavaScript error: https://whoer.net/js/webRtcLeak.js?1773312029, line 5: TypeError: peerConnection is not a constructor\n[pid=36712][err] JavaScript error: https://whoer.net/, line 4626: TypeError: popUpCounter is null\n[pid=36712][err] JavaScript warning: https://cdn.botfaqtor.ru/one.js, line 468: WEBGL_debug_renderer_info is deprecated in Firefox and will be removed. Please use RENDERER.\n[pid=36712][err] JavaScript warning: https://cdn.botfaqtor.ru/one.js, line 478: WEBGL_debug_renderer_info is deprecated in Firefox and will be removed. Please use RENDERER.\n[pid=36712][err] JavaScript warning: https://cdn.botfaqtor.ru/one.js, line 139: WEBGL_debug_renderer_info is deprecated in Firefox and will be removed. Please use RENDERER.\n[pid=36712][err] JavaScript warning: https://blocked.botfaqtor.ru/analyze.js, line 109: WEBGL_debug_renderer_info is deprecated in Firefox and will be removed. Please use RENDERER.\n[pid=36712][err] JavaScript warning: https://blocked.botfaqtor.ru/analyze.js, line 113: WEBGL_debug_renderer_info is deprecated in Firefox and will be removed. Please use RENDERER.\n[pid=36712][err] JavaScript warning: https://blocked.botfaqtor.ru/analyze.js, line 38: WEBGL_debug_renderer_info is deprecated in Firefox and will be removed. Please use RENDERER.\n[pid=36712] <gracefully close start>\n[pid=36712][err] DEBUG: BrowserHandler cleanup callback called\n[pid=36712][out] \n[pid=36712][out]         ERROR: EventWatcher is being disposed dispose@chrome://juggler/content/Helper.js:230:22\n[pid=36712][out] dispose@chrome://juggler/content/protocol/PageHandler.js:168:15\n[pid=36712][out] _dispose@chrome://juggler/content/protocol/Dispatcher.js:130:21\n[pid=36712][out] destroySession@chrome://juggler/content/protocol/Dispatcher.js:36:13\n[pid=36712][out] dispose@chrome://juggler/content/protocol/BrowserHandler.js:79:24\n[pid=36712][out] _dispose@chrome://juggler/content/protocol/Dispatcher.js:130:21\n[pid=36712][out] _dispose@chrome://juggler/content/protocol/Dispatcher.js:42:23\n[pid=36712][out] observe/browserHandler<@chrome://juggler/content/components/Juggler.js:145:22\n[pid=36712][out] Browser.close@chrome://juggler/content/protocol/BrowserHandler.js:150:10\n[pid=36712][out] \n[pid=36712][err] JavaScript warning: debugger eval code, line 7401: Script terminated by timeout at:\n[pid=36712][err] listener@debugger eval code:7401:7\n[pid=36712][err] EventListener.handleEvent*addHitTargetInterceptorListeners@debugger eval code:7405:21\n[pid=36712][err] _setupHitTargetInterceptors@debugger eval code:7407:5\n[pid=36712][err] InjectedScript@debugger eval code:6445:10\n[pid=36712][err] @debugger eval code:7783:16\n[pid=36712][err] @debugger eval code:7784:11\n[pid=36712][err] \n[pid=36712][err] JavaScript error: chrome://juggler/content/Helper.js, line 82: NS_ERROR_FAILURE: Component returned failure code: 0x80004005 (NS_ERROR_FAILURE) [nsIWebProgress.removeProgressListener]\n[pid=36712][err] JavaScript error: chrome://juggler/content/components/Juggler.js, line 134: NS_ERROR_FAILURE: Component returned failure code: 0x80004005 (NS_ERROR_FAILURE) [nsIRemoteDebuggingPipe.sendMessage]\n[pid=36712][out]       ')>
playwright._impl._errors.TargetClosedError: Target page, context or browser has been closed
Browser logs:

<launching> C:\Users\welcome\AppData\Local\camoufox\camoufox\Cache\camoufox.exe -no-remote -wait-for-browser -foreground -profile C:\Users\welcome\AppData\Local\Temp\playwright_firefoxdev_profile-7MMRwh -juggler-pipe -silent
<launched> pid=36712
[pid=36712][err] JavaScript warning: resource://services-settings/Utils.sys.mjs, line 57: unreachable code after return statement
[pid=36712][err] JavaScript warning: resource://services-settings/Utils.sys.mjs, line 119: unreachable code after return statement
[pid=36712][err] DEBUG: Juggler pipe initialized
[pid=36712][err] DEBUG: Dispatcher created
[pid=36712][out] 
[pid=36712][out] Juggler listening to the pipe
[pid=36712][err] DEBUG: BrowserHandler created
[pid=36712][err] DEBUG: BrowserHandler set as root session handler
[pid=36712][out] console.error: "Warning: unrecognized command line flag" "-foreground"
[pid=36712][out] console.error: "Ignoring protocol handler for mailto without a uriTemplate!"
[pid=36712][err] JavaScript error: chrome://juggler/content/Helper.js, line 82: NS_ERROR_FAILURE: Component returned failure code: 0x80004005 (NS_ERROR_FAILURE) [nsIWebProgress.removeProgressListener]
[pid=36712][err] DEBUG: Installed 1 addon(s)
[pid=36712][out] console.error: SearchService: "#init: failure initializing search:" (new TypeError("defaultsConfig is undefined", "resource://gre/modules/SearchEngineSelector.sys.mjs", 752))
[pid=36712][err] JavaScript error: resource://gre/modules/SearchEngineSelector.sys.mjs, line 752: TypeError: defaultsConfig is undefined
[pid=36712][err] JavaScript error: resource://gre/modules/SearchEngineSelector.sys.mjs, line 752: TypeError: defaultsConfig is undefined
[pid=36712][err] JavaScript error: resource://gre/modules/SearchEngineSelector.sys.mjs, line 752: TypeError: defaultsConfig is undefined
[pid=36712][err] JavaScript error: resource://gre/modules/SearchEngineSelector.sys.mjs, line 752: TypeError: defaultsConfig is undefined
[pid=36712][out] console.error: WebExtensions: 
[pid=36712][out]   Message: TypeError: defaultsConfig is undefined
[pid=36712][out]   Stack:
[pid=36712][out]     #defaultEngines@resource://gre/modules/SearchEngineSelector.sys.mjs:752:22
[pid=36712][out] fetchEngineConfiguration@resource://gre/modules/SearchEngineSelector.sys.mjs:375:65
[pid=36712][out] 
[pid=36712][err] JavaScript error: resource://gre/modules/SearchEngineSelector.sys.mjs, line 752: TypeError: defaultsConfig is undefined
[pid=36712][out] console.error: "Could not parse ASRouter preference. Try resetting browser.newtabpage.activity-stream.asrouter.providers.snippets in about:config."
[pid=36712][out] console.error: SearchSettings: "_write: Could not write to settings file:" (new Error("cannot write without any engine.", "resource://gre/modules/SearchSettings.sys.mjs", 280))
[pid=36712][err] JavaScript warning: https://static.xx.fbcdn.net/rsrc.php/v4ilwa4/y-/l/vi_VN-j/ZkPgkVFg5F8.js, line 139: WEBGL_debug_renderer_info is deprecated in Firefox and will be removed. Please use RENDERER.
[pid=36712][err] JavaScript error: chrome://juggler/content/content/FrameTree.js, line 583: TypeError: this.domWindow() is undefined
[pid=36712][err] JavaScript error: chrome://juggler/content/Helper.js, line 82: NS_ERROR_FAILURE: Component returned failure code: 0x80004005 (NS_ERROR_FAILURE) [nsIWebProgress.removeProgressListener]
[pid=36712][err] JavaScript warning: https://static.xx.fbcdn.net/rsrc.php/v4iH5M4/y-/l/vi_VN-j/Dut67Qxygso.js, line 97: WEBGL_debug_renderer_info is deprecated in Firefox and will be removed. Please use RENDERER.
[pid=36712][err] JavaScript error: resource:///modules/UrlbarProvidersManager.sys.mjs, line 710: TypeError: result is null
[pid=36712][err] JavaScript error: resource:///modules/UrlbarProvidersManager.sys.mjs, line 710: TypeError: result is null
[pid=36712][err] JavaScript error: resource:///modules/UrlbarProvidersManager.sys.mjs, line 710: TypeError: result is null
[pid=36712][err] JavaScript error: resource:///modules/UrlbarProvidersManager.sys.mjs, line 710: TypeError: result is null
[pid=36712][err] JavaScript error: resource://gre/modules/SearchService.sys.mjs, line 1290: Error: SearchService failed while it was initializing.
[pid=36712][out] console.error: "Could not record event: " ({})
[pid=36712][err] JavaScript error: chrome://juggler/content/content/FrameTree.js, line 583: TypeError: this.domWindow() is undefined
[pid=36712][err] JavaScript error: chrome://juggler/content/content/FrameTree.js, line 583: TypeError: this.domWindow() is undefined
[pid=36712][err] JavaScript error: chrome://juggler/content/Helper.js, line 82: NS_ERROR_FAILURE: Component returned failure code: 0x80004005 (NS_ERROR_FAILURE) [nsIWebProgress.removeProgressListener]
[pid=36712][err] JavaScript error: https://code.jquery.com/jquery-migrate-3.0.1.min.js, line 3: ReferenceError: jQuery is not defined
[pid=36712][err] JavaScript error: https://whoer.net/js/webRtcLeak.js?1773312029, line 5: TypeError: peerConnection is not a constructor
[pid=36712][err] JavaScript error: https://whoer.net/, line 4626: TypeError: popUpCounter is null
[pid=36712][err] JavaScript warning: https://cdn.botfaqtor.ru/one.js, line 468: WEBGL_debug_renderer_info is deprecated in Firefox and will be removed. Please use RENDERER.
[pid=36712][err] JavaScript warning: https://cdn.botfaqtor.ru/one.js, line 478: WEBGL_debug_renderer_info is deprecated in Firefox and will be removed. Please use RENDERER.
[pid=36712][err] JavaScript warning: https://cdn.botfaqtor.ru/one.js, line 139: WEBGL_debug_renderer_info is deprecated in Firefox and will be removed. Please use RENDERER.
[pid=36712][err] JavaScript warning: https://blocked.botfaqtor.ru/analyze.js, line 109: WEBGL_debug_renderer_info is deprecated in Firefox and will be removed. Please use RENDERER.
[pid=36712][err] JavaScript warning: https://blocked.botfaqtor.ru/analyze.js, line 113: WEBGL_debug_renderer_info is deprecated in Firefox and will be removed. Please use RENDERER.
[pid=36712][err] JavaScript warning: https://blocked.botfaqtor.ru/analyze.js, line 38: WEBGL_debug_renderer_info is deprecated in Firefox and will be removed. Please use RENDERER.
[pid=36712] <gracefully close start>
[pid=36712][err] DEBUG: BrowserHandler cleanup callback called
[pid=36712][out] 
[pid=36712][out]         ERROR: EventWatcher is being disposed dispose@chrome://juggler/content/Helper.js:230:22
[pid=36712][out] dispose@chrome://juggler/content/protocol/PageHandler.js:168:15
[pid=36712][out] _dispose@chrome://juggler/content/protocol/Dispatcher.js:130:21
[pid=36712][out] destroySession@chrome://juggler/content/protocol/Dispatcher.js:36:13
[pid=36712][out] dispose@chrome://juggler/content/protocol/BrowserHandler.js:79:24
[pid=36712][out] _dispose@chrome://juggler/content/protocol/Dispatcher.js:130:21
[pid=36712][out] _dispose@chrome://juggler/content/protocol/Dispatcher.js:42:23
[pid=36712][out] observe/browserHandler<@chrome://juggler/content/components/Juggler.js:145:22
[pid=36712][out] Browser.close@chrome://juggler/content/protocol/BrowserHandler.js:150:10
[pid=36712][out] 
[pid=36712][err] JavaScript warning: debugger eval code, line 7401: Script terminated by timeout at:
[pid=36712][err] listener@debugger eval code:7401:7
[pid=36712][err] EventListener.handleEvent*addHitTargetInterceptorListeners@debugger eval code:7405:21
[pid=36712][err] _setupHitTargetInterceptors@debugger eval code:7407:5
[pid=36712][err] InjectedScript@debugger eval code:6445:10
[pid=36712][err] @debugger eval code:7783:16
[pid=36712][err] @debugger eval code:7784:11
[pid=36712][err] 
[pid=36712][err] JavaScript error: chrome://juggler/content/Helper.js, line 82: NS_ERROR_FAILURE: Component returned failure code: 0x80004005 (NS_ERROR_FAILURE) [nsIWebProgress.removeProgressListener]
[pid=36712][err] JavaScript error: chrome://juggler/content/components/Juggler.js, line 134: NS_ERROR_FAILURE: Component returned failure code: 0x80004005 (NS_ERROR_FAILURE) [nsIRemoteDebuggingPipe.sendMessage]
[pid=36712][out]       
2026-03-12 17:43:15,013 - root - INFO - [FB_REG] --- 🚀 KHỞI ĐỘNG LUỒNG ĐĂNG KÝ FACEBOOK ---
2026-03-12 17:43:15,013 - root - INFO - [FB_REG] Email mục tiêu: hlkxhzst@guerrillamailblock.com | Họ: Ho | Tên: Chung
2026-03-12 17:43:15,013 - root - INFO - [FB_REG] 1️⃣ Truy cập trang đăng ký...
2026-03-12 17:43:20,954 - root - INFO - [FB_REG] 2️⃣ Điền thông tin cá nhân...
2026-03-12 17:43:24,034 - root - INFO - ✅ Đã điền Họ: Ho
2026-03-12 17:43:25,318 - root - INFO - ✅ Đã điền Tên: Chung
2026-03-12 17:43:25,318 - root - INFO - [FB_REG] 3️⃣ Bắt đầu SMART TAB để điền thông tin...
2026-03-12 17:43:25,853 - root - INFO - 🔍 [DEBUG_FOCUS] Step_1 | Tag: DIV | Aria: Xóa văn bản | Text:  | Role: button
2026-03-12 17:43:26,362 - root - INFO - 🔍 [DEBUG_FOCUS] Step_2 | Tag: DIV | Aria: Nhấp để biết thêm thông tin về cách nhập ngày sinh | Text:  | Role: button
2026-03-12 17:43:26,363 - root - INFO - ⏭️ Bỏ qua nút trợ giúp: nhấp để biết thêm thông tin về cách nhập ngày sinh
2026-03-12 17:43:26,891 - root - INFO - 🔍 [DEBUG_FOCUS] Step_3 | Tag: DIV | Aria: Chọn ngày | Text: Ngày | Role: combobox
2026-03-12 17:43:26,892 - root - INFO - 🎯 Đang điền Ngày: 21
2026-03-12 17:43:29,255 - root - INFO - 🔍 [DEBUG_FOCUS] Step_4 | Tag: DIV | Aria: Chọn tháng | Text: Tháng | Role: combobox
2026-03-12 17:43:29,255 - root - INFO - 🎯 Đang điền Tháng: 7
2026-03-12 17:43:33,094 - root - INFO - 🔍 [DEBUG_FOCUS] Step_5 | Tag: DIV | Aria: Chọn năm | Text: Năm | Role: combobox
2026-03-12 17:43:33,094 - root - INFO - 🎯 Đang điền Năm: 1998
2026-03-12 17:43:35,783 - root - INFO - 🔍 [DEBUG_FOCUS] Step_6 | Tag: DIV | Aria: Nhấp để biết thêm thông tin về cách chọn giới tính | Text:  | Role: button
2026-03-12 17:43:35,783 - root - INFO - ⏭️ Bỏ qua nút trợ giúp: nhấp để biết thêm thông tin về cách chọn giới tính
2026-03-12 17:43:36,314 - root - INFO - 🔍 [DEBUG_FOCUS] Step_7 | Tag: DIV | Aria:  | Text: Chọn giới tính | Role: combobox
2026-03-12 17:43:36,314 - root - INFO - 🎯 Đang chọn Giới tính: Nam
2026-03-12 17:43:37,719 - BROWSER - WARNING - [CAMOUFOX] Error on close: Browser.close: Connection closed while reading from the driver
2026-03-12 17:43:37,720 - root - INFO - Browser closed.
2026-03-12 17:43:37,720 - root - INFO - --- 💤 Chu kỳ #2 kết thúc. Chuyển sang lượt mới... ---
2026-03-12 17:43:40,251 - asyncio - ERROR - Task was destroyed but it is pending!
task: <Task cancelling name='Task-1' coro=<main() done, defined at D:\tunn3\CODE\service-fb-2\facebook_registration.py:1358> wait_for=<Future pending cb=[Task.task_wakeup()]> cb=[ProtocolCallback.__init__.<locals>.cb() at C:\Users\welcome\AppData\Local\Programs\Python\Python311\Lib\site-packages\playwright\_impl\_connection.py:228, <3 more>, gather.<locals>._done_callback() at C:\Users\welcome\AppData\Local\Programs\Python\Python311\Lib\asyncio\tasks.py:754]>
2026-03-12 17:43:40,252 - asyncio - ERROR - Future exception was never retrieved
future: <Future finished exception=TargetClosedError('Target page, context or browser has been closed')>
playwright._impl._errors.TargetClosedError: Target page, context or browser has been closed
