2026-03-12 18:15:24,367 - root - INFO - --- 🔄 KHỞI ĐỘNG CHU KỲ FB ĐĂNG KÝ MỚI (#1) ---
2026-03-12 18:15:24,367 - root - INFO - --- [CHUYỂN IP] Đang thực hiện đổi IP cho Chu kỳ #1... ---
2026-03-12 18:15:24,707 - root - INFO - [DCOM] IP hiện tại trên Ethernet 2: 59.153.235.61
2026-03-12 18:15:24,708 - root - INFO - [DCOM] IP cũ: 59.153.235.61 — Đang reset kết nối (huawei)...
2026-03-12 18:15:24,746 - root - INFO - [DCOM/Huawei] Token lấy được (SesTokInfo): bZmDwBr9MDlVp1Z...
2026-03-12 18:15:24,765 - root - INFO - [DCOM/Huawei] Dataswitch OFF -> HTTP 200 | <?xml version="1.0" encoding="UTF-8"?><response>OK</response>
2026-03-12 18:15:29,855 - root - INFO - [DCOM/Huawei] Dataswitch ON -> HTTP 200 | <?xml version="1.0" encoding="UTF-8"?><response>OK</response>
2026-03-12 18:15:29,856 - root - INFO - [DCOM] Đã gửi lệnh reset. Chờ 15s để modem kết nối lại...
2026-03-12 18:15:45,859 - root - INFO - [DCOM] IP hiện tại trên Ethernet 2: 59.153.235.151
2026-03-12 18:15:45,859 - root - INFO - [DCOM] ✅ Đổi IP thành công: 59.153.235.61 → 59.153.235.151
2026-03-12 18:15:47,154 - root - INFO - [DCOM] IP hiện tại trên Ethernet 2: 59.153.235.151
2026-03-12 18:15:47,154 - root - INFO - 🚀 IP Hiện Tại: 59.153.235.151
2026-03-12 18:15:47,154 - root - INFO - Đợi mạng ổn định hoàn toàn (10s)...
2026-03-12 18:15:57,167 - root - INFO - --- [SETUP] ĐANG LẤY EMAIL TỪ GUERRILLA (Vui lòng chờ)... ---
2026-03-12 18:15:58,298 - GuerrillaMail - INFO - Lấy email thành công: mggvugnj@guerrillamailblock.com
2026-03-12 18:15:58,298 - root - INFO - [DCOM_PROXY] Khởi động SOCKS5 proxy (Binding to Ethernet 2)...
2026-03-12 18:15:58,319 - DCOMProxy - INFO - [DCOMProxy] ✅ SOCKS5 Proxy active at 127.0.0.1:63141
2026-03-12 18:15:58,319 - DCOMProxy - INFO - [DCOMProxy] 🔗 Forcing traffic through Ethernet 2 (192.168.16.101)
2026-03-12 18:15:58,319 - root - INFO - [DCOM_PROXY] ✅ Proxy sẵn sàng: socks5://127.0.0.1:63141
2026-03-12 18:15:58,619 - BROWSER - INFO - 🦊 [CAMOUFOX] Launching: headless=False | os=windows | locale=vi-VN
2026-03-12 18:16:04,912 - BROWSER - INFO - ✅ [CAMOUFOX] Browser & Page ready.
2026-03-12 18:16:04,912 - root - INFO - --- [MONITOR] Đang kích hoạt chế độ giám sát Tracking của Facebook... ---
2026-03-12 18:16:04,916 - root - INFO - 💓 [WATCHDOG] Kích hoạt Heartbeat giữ trình duyệt...
2026-03-12 18:16:13,075 - root - INFO - [FB_REG] --- 🚀 KHỞI ĐỘNG LUỒNG ĐĂNG KÝ FACEBOOK ---
2026-03-12 18:16:13,075 - root - INFO - [FB_REG] Email mục tiêu: mggvugnj@guerrillamailblock.com | Họ: Bui | Tên: Cuc
2026-03-12 18:16:13,076 - root - INFO - [FB_REG] 1️⃣ Truy cập trang đăng ký...
2026-03-12 18:16:16,630 - root - INFO - [FB_REG] 2️⃣ Điền thông tin cá nhân...
2026-03-12 18:16:19,755 - root - INFO - ✅ Đã điền Họ: Bui
2026-03-12 18:16:20,718 - root - INFO - ✅ Đã điền Tên: Cuc
2026-03-12 18:16:20,718 - root - INFO - [FB_REG] 3️⃣ Bắt đầu SMART TAB để điền thông tin...
2026-03-12 18:16:21,233 - root - INFO - 🔍 [DEBUG_FOCUS] Step_1 | Tag: DIV | Aria: Xóa văn bản | Text:  | Role: button
2026-03-12 18:16:21,794 - root - INFO - 🔍 [DEBUG_FOCUS] Step_2 | Tag: DIV | Aria: Nhấp để biết thêm thông tin về cách nhập ngày sinh | Text:  | Role: button
2026-03-12 18:16:21,794 - root - INFO - ⏭️ Bỏ qua nút trợ giúp: nhấp để biết thêm thông tin về cách nhập ngày sinh
2026-03-12 18:16:22,323 - root - INFO - 🔍 [DEBUG_FOCUS] Step_3 | Tag: DIV | Aria: Chọn ngày | Text: Ngày | Role: combobox
2026-03-12 18:16:22,323 - root - INFO - 🎯 Đang điền Ngày: 13
2026-03-12 18:16:24,651 - root - INFO - 🔍 [DEBUG_FOCUS] Step_4 | Tag: DIV | Aria: Chọn tháng | Text: Tháng | Role: combobox
2026-03-12 18:16:24,651 - root - INFO - 🎯 Đang điền Tháng: 1
2026-03-12 18:16:28,498 - root - INFO - 🔍 [DEBUG_FOCUS] Step_5 | Tag: DIV | Aria: Chọn năm | Text: Năm | Role: combobox
2026-03-12 18:16:28,498 - root - INFO - 🎯 Đang điền Năm: 2005
2026-03-12 18:16:31,191 - root - INFO - 🔍 [DEBUG_FOCUS] Step_6 | Tag: DIV | Aria: Nhấp để biết thêm thông tin về cách chọn giới tính | Text:  | Role: button
2026-03-12 18:16:31,191 - root - INFO - ⏭️ Bỏ qua nút trợ giúp: nhấp để biết thêm thông tin về cách chọn giới tính
2026-03-12 18:16:31,717 - root - INFO - 🔍 [DEBUG_FOCUS] Step_7 | Tag: DIV | Aria:  | Text: Chọn giới tính | Role: combobox
2026-03-12 18:16:31,717 - root - INFO - 🎯 Đang chọn Giới tính: Nam
2026-03-12 18:16:34,638 - root - INFO - 🔍 [DEBUG_FOCUS] Step_8 | Tag: INPUT | Aria:  | Text:  | Role: 
2026-03-12 18:16:34,638 - root - INFO - 🎯 Đang điền Email: mggvugnj@guerrillamailblock.com (Step 8)
2026-03-12 18:16:38,548 - root - INFO - 🔍 [DEBUG_FOCUS] Step_9 | Tag: DIV | Aria: Xóa văn bản | Text:  | Role: button
2026-03-12 18:16:39,094 - root - INFO - 🔍 [DEBUG_FOCUS] Step_10 | Tag: A | Aria:  | Text: Tìm hiểu vì sao chúng tôi yêu cầu thông tin liên hệ của bạn | Role: link
2026-03-12 18:16:39,095 - root - INFO - ⏭️ Bỏ qua link: tìm hiểu vì sao chúng tôi yêu cầu thông tin liên hệ của bạn
2026-03-12 18:16:39,626 - root - INFO - 🔍 [DEBUG_FOCUS] Step_11 | Tag: INPUT | Aria:  | Text:  | Role: 
2026-03-12 18:16:39,626 - root - INFO - 🎯 Đang điền Mật khẩu (Step 11)...
2026-03-12 18:16:42,272 - root - INFO - 🔍 [DEBUG_FOCUS] Step_12 | Tag: DIV | Aria: Hiển thị mật khẩu | Text:  | Role: button
2026-03-12 18:16:42,802 - root - INFO - 🔍 [DEBUG_FOCUS] Step_13 | Tag: A | Aria:  | Text: Tìm hiểu thêm | Role: link
2026-03-12 18:16:42,802 - root - INFO - ⏭️ Bỏ qua link: tìm hiểu thêm
2026-03-12 18:16:43,329 - root - INFO - 🔍 [DEBUG_FOCUS] Step_14 | Tag: A | Aria:  | Text: Điều khoản | Role: link
2026-03-12 18:16:43,329 - root - INFO - ⏭️ Bỏ qua link: điều khoản
2026-03-12 18:16:43,855 - root - INFO - 🔍 [DEBUG_FOCUS] Step_15 | Tag: A | Aria:  | Text: Chính sách quyền riêng tư | Role: link
2026-03-12 18:16:43,855 - root - INFO - ⏭️ Bỏ qua link: chính sách quyền riêng tư
2026-03-12 18:16:44,384 - root - INFO - 🔍 [DEBUG_FOCUS] Step_16 | Tag: A | Aria:  | Text: Chính sách cookie | Role: link
2026-03-12 18:16:44,384 - root - INFO - ⏭️ Bỏ qua link: chính sách cookie
2026-03-12 18:16:44,916 - root - INFO - 🔍 [DEBUG_FOCUS] Step_17 | Tag: A | Aria:  | Text: Chính sách quyền riêng tư | Role: link
2026-03-12 18:16:44,917 - root - INFO - ⏭️ Bỏ qua link: chính sách quyền riêng tư
2026-03-12 18:16:45,446 - root - INFO - 🔍 [DEBUG_FOCUS] Step_18 | Tag: DIV | Aria:  | Text: Gửi | Role: button
2026-03-12 18:16:45,446 - root - INFO - 🏁 Đã đến nút Submit (gửi).
2026-03-12 18:16:45,446 - root - INFO - ⌨️ Gửi form bằng phím ENTER (Standard React Action)...
2026-03-12 18:16:47,473 - root - INFO - 🖱️ Vẫn ở trang cũ -> Thực hiện Click trực tiếp bằng tọa độ...
2026-03-12 18:16:50,496 - root - INFO - ✅ Đã gửi lệnh Submit. Đợi hệ thống xử lý trang OTP (10s)...
2026-03-12 18:17:00,512 - root - INFO - ✅ Kết quả SMART TAB: {'Ngày': True, 'Tháng': True, 'Năm': True, 'Giới tính': True, 'Email': True, 'Pass': True}
2026-03-12 18:17:00,512 - root - INFO - ✅ Kết quả SMART TAB: {'Ngày': True, 'Tháng': True, 'Năm': True, 'Giới tính': True, 'Email': True, 'Pass': True}
2026-03-12 18:17:00,513 - root - INFO - [FB_REG] Đang chuyển sang Bước 6: Xác thực OTP...
2026-03-12 18:17:00,513 - root - INFO - [FB_REG] 6️⃣ Bắt đầu SMART TAB để nhập mã OTP...
2026-03-12 18:17:05,527 - root - INFO - [FB_REG] 🔍 Đang check mail lấy mã OTP...
2026-03-12 18:17:05,527 - GuerrillaMail - INFO - Đang quét hộp thư cho mggvugnj@guerrillamailblock.com...
2026-03-12 18:19:09,087 - root - ERROR - [FB_REG] Không lấy được mã code từ email.
2026-03-12 18:19:09,418 - root - INFO - 🔍 [DEBUG_FOCUS] Step_Verification_1 | Tag: DIV | Aria:  | Text: Tôi có tài khoản rồi | Role: button
2026-03-12 18:19:09,743 - root - INFO - 🔍 [DEBUG_FOCUS] Step_Verification_2 | Tag: A | Aria:  | Text: English (UK) | Role: link
2026-03-12 18:19:09,743 - root - INFO - ⏭️ [GUARD] Bỏ qua nút ngôn ngữ để tránh đổi giao diện: english (uk)
2026-03-12 18:19:10,069 - root - INFO - 🔍 [DEBUG_FOCUS] Step_Verification_3 | Tag: A | Aria:  | Text: 한국어 | Role: link
2026-03-12 18:19:10,070 - root - INFO - ⏭️ [GUARD] Bỏ qua nút ngôn ngữ để tránh đổi giao diện: 한국어
2026-03-12 18:19:10,396 - root - INFO - 🔍 [DEBUG_FOCUS] Step_Verification_4 | Tag: A | Aria:  | Text: Français (France) | Role: link
2026-03-12 18:19:10,396 - root - INFO - ⏭️ [GUARD] Bỏ qua nút ngôn ngữ để tránh đổi giao diện: français (france)
2026-03-12 18:19:10,723 - root - INFO - 🔍 [DEBUG_FOCUS] Step_Verification_5 | Tag: A | Aria:  | Text: Ngôn ngữ khác... | Role: link
2026-03-12 18:19:11,049 - root - INFO - 🔍 [DEBUG_FOCUS] Step_Verification_6 | Tag: A | Aria:  | Text: Đăng ký | Role: link
2026-03-12 18:19:11,049 - root - INFO - 🏁 Có vẻ đã thoát khỏi luồng xác minh. Kiểm tra kết quả...
2026-03-12 18:19:11,049 - root - INFO - --- Đã hoàn tất luồng kiểm tra hậu OTP ---
2026-03-12 18:19:16,096 - root - INFO - [FB_REG] URL hiện tại: https://www.facebook.com/reg/?entry_point=login&next=
2026-03-12 18:19:16,096 - root - WARNING - [FB_REG] ❌ Kết quả KHÔNG thành công. URL: https://www.facebook.com/reg/?entry_point=login&next=
2026-03-12 18:19:16,096 - root - ERROR - Đăng ký thất bại. Error Code: REG_FAILED
2026-03-12 18:19:24,288 - BROWSER - INFO - 🔒 [CAMOUFOX] Browser closed.
2026-03-12 18:19:24,288 - root - INFO - Browser closed.
2026-03-12 18:19:24,288 - root - INFO - --- 💤 Chu kỳ #1 kết thúc. Chuyển sang lượt mới... ---
2026-03-12 18:19:26,292 - root - INFO - --- 🔄 KHỞI ĐỘNG CHU KỲ FB ĐĂNG KÝ MỚI (#2) ---
2026-03-12 18:19:26,292 - root - INFO - --- [CHUYỂN IP] Đang thực hiện đổi IP cho Chu kỳ #2... ---
2026-03-12 18:19:27,349 - root - INFO - [DCOM] IP hiện tại trên Ethernet 2: 59.153.235.151
2026-03-12 18:19:27,349 - root - INFO - [DCOM] IP cũ: 59.153.235.151 — Đang reset kết nối (huawei)...
2026-03-12 18:19:27,385 - root - INFO - [DCOM/Huawei] Token lấy được (SesTokInfo): qDn28N0Bc/LGeMS...
2026-03-12 18:19:27,427 - root - INFO - [DCOM/Huawei] Dataswitch OFF -> HTTP 200 | <?xml version="1.0" encoding="UTF-8"?><response>OK</response>
2026-03-12 18:19:32,486 - root - INFO - [DCOM/Huawei] Dataswitch ON -> HTTP 200 | <?xml version="1.0" encoding="UTF-8"?><response>OK</response>
2026-03-12 18:19:32,486 - root - INFO - [DCOM] Đã gửi lệnh reset. Chờ 15s để modem kết nối lại...
2026-03-12 18:19:47,826 - root - INFO - [DCOM] IP hiện tại trên Ethernet 2: 59.153.237.62
2026-03-12 18:19:47,827 - root - INFO - [DCOM] ✅ Đổi IP thành công: 59.153.235.151 → 59.153.237.62
2026-03-12 18:19:48,149 - root - INFO - [DCOM] IP hiện tại trên Ethernet 2: 59.153.237.62
2026-03-12 18:19:48,149 - root - INFO - 🚀 IP Hiện Tại: 59.153.237.62
2026-03-12 18:19:48,149 - root - INFO - Đợi mạng ổn định hoàn toàn (10s)...
2026-03-12 18:19:58,159 - root - INFO - --- [SETUP] ĐANG LẤY EMAIL TỪ GUERRILLA (Vui lòng chờ)... ---
2026-03-12 18:20:04,269 - GuerrillaMail - INFO - Lấy email thành công: qwijgffv@guerrillamailblock.com
2026-03-12 18:20:04,269 - root - INFO - [DCOM_PROXY] Khởi động SOCKS5 proxy (Binding to Ethernet 2)...
2026-03-12 18:20:04,290 - root - INFO - [DCOM_PROXY] ✅ Proxy sẵn sàng: socks5://127.0.0.1:63141
2026-03-12 18:20:04,290 - BROWSER - INFO - 🦊 [CAMOUFOX] Launching: headless=False | os=windows | locale=vi-VN
2026-03-12 18:20:22,037 - BROWSER - INFO - ✅ [CAMOUFOX] Browser & Page ready.
2026-03-12 18:20:22,038 - root - INFO - --- [MONITOR] Đang kích hoạt chế độ giám sát Tracking của Facebook... ---
2026-03-12 18:20:22,041 - root - INFO - 💓 [WATCHDOG] Kích hoạt Heartbeat giữ trình duyệt...
2026-03-12 18:20:29,606 - root - INFO - [FB_REG] --- 🚀 KHỞI ĐỘNG LUỒNG ĐĂNG KÝ FACEBOOK ---
2026-03-12 18:20:29,606 - root - INFO - [FB_REG] Email mục tiêu: qwijgffv@guerrillamailblock.com | Họ: Vu | Tên: Binh
2026-03-12 18:20:29,606 - root - INFO - [FB_REG] 1️⃣ Truy cập trang đăng ký...
2026-03-12 18:20:33,031 - root - INFO - [FB_REG] 2️⃣ Điền thông tin cá nhân...
2026-03-12 18:20:35,885 - root - INFO - ✅ Đã điền Họ: Vu
2026-03-12 18:20:37,080 - root - INFO - ✅ Đã điền Tên: Binh
2026-03-12 18:20:37,080 - root - INFO - [FB_REG] 3️⃣ Bắt đầu SMART TAB để điền thông tin...
2026-03-12 18:20:37,615 - root - INFO - 🔍 [DEBUG_FOCUS] Step_1 | Tag: DIV | Aria: Xóa văn bản | Text:  | Role: button
2026-03-12 18:20:38,140 - root - INFO - 🔍 [DEBUG_FOCUS] Step_2 | Tag: DIV | Aria: Nhấp để biết thêm thông tin về cách nhập ngày sinh | Text:  | Role: button
2026-03-12 18:20:38,140 - root - INFO - ⏭️ Bỏ qua nút trợ giúp: nhấp để biết thêm thông tin về cách nhập ngày sinh
2026-03-12 18:20:38,673 - root - INFO - 🔍 [DEBUG_FOCUS] Step_3 | Tag: DIV | Aria: Chọn ngày | Text: Ngày | Role: combobox
2026-03-12 18:20:38,673 - root - INFO - 🎯 Đang điền Ngày: 11
2026-03-12 18:20:41,014 - root - INFO - 🔍 [DEBUG_FOCUS] Step_4 | Tag: DIV | Aria: Chọn tháng | Text: Tháng | Role: combobox
2026-03-12 18:20:41,015 - root - INFO - 🎯 Đang điền Tháng: 1
2026-03-12 18:20:44,859 - root - INFO - 🔍 [DEBUG_FOCUS] Step_5 | Tag: DIV | Aria: Chọn năm | Text: Năm | Role: combobox
2026-03-12 18:20:44,860 - root - INFO - 🎯 Đang điền Năm: 2001
2026-03-12 18:20:47,554 - root - INFO - 🔍 [DEBUG_FOCUS] Step_6 | Tag: DIV | Aria: Nhấp để biết thêm thông tin về cách chọn giới tính | Text:  | Role: button
2026-03-12 18:20:47,554 - root - INFO - ⏭️ Bỏ qua nút trợ giúp: nhấp để biết thêm thông tin về cách chọn giới tính
2026-03-12 18:20:48,084 - root - INFO - 🔍 [DEBUG_FOCUS] Step_7 | Tag: DIV | Aria:  | Text: Chọn giới tính | Role: combobox
2026-03-12 18:20:48,084 - root - INFO - 🎯 Đang chọn Giới tính: Nam
2026-03-12 18:20:50,995 - root - INFO - 🔍 [DEBUG_FOCUS] Step_8 | Tag: INPUT | Aria:  | Text:  | Role: 
2026-03-12 18:20:50,995 - root - INFO - 🎯 Đang điền Email: qwijgffv@guerrillamailblock.com (Step 8)
2026-03-12 18:20:55,017 - root - INFO - 🔍 [DEBUG_FOCUS] Step_9 | Tag: DIV | Aria: Xóa văn bản | Text:  | Role: button
2026-03-12 18:20:55,572 - root - INFO - 🔍 [DEBUG_FOCUS] Step_10 | Tag: A | Aria:  | Text: Tìm hiểu vì sao chúng tôi yêu cầu thông tin liên hệ của bạn | Role: link
2026-03-12 18:20:55,573 - root - INFO - ⏭️ Bỏ qua link: tìm hiểu vì sao chúng tôi yêu cầu thông tin liên hệ của bạn
2026-03-12 18:20:56,084 - root - INFO - 🔍 [DEBUG_FOCUS] Step_11 | Tag: INPUT | Aria:  | Text:  | Role: 
2026-03-12 18:20:56,084 - root - INFO - 🎯 Đang điền Mật khẩu (Step 11)...
2026-03-12 18:20:58,535 - root - INFO - 🔍 [DEBUG_FOCUS] Step_12 | Tag: DIV | Aria: Hiển thị mật khẩu | Text:  | Role: button
2026-03-12 18:20:59,061 - root - INFO - 🔍 [DEBUG_FOCUS] Step_13 | Tag: A | Aria:  | Text: Tìm hiểu thêm | Role: link
2026-03-12 18:20:59,061 - root - INFO - ⏭️ Bỏ qua link: tìm hiểu thêm
2026-03-12 18:20:59,594 - root - INFO - 🔍 [DEBUG_FOCUS] Step_14 | Tag: A | Aria:  | Text: Điều khoản | Role: link
2026-03-12 18:20:59,594 - root - INFO - ⏭️ Bỏ qua link: điều khoản
2026-03-12 18:21:00,120 - root - INFO - 🔍 [DEBUG_FOCUS] Step_15 | Tag: A | Aria:  | Text: Chính sách quyền riêng tư | Role: link
2026-03-12 18:21:00,120 - root - INFO - ⏭️ Bỏ qua link: chính sách quyền riêng tư
2026-03-12 18:21:00,650 - root - INFO - 🔍 [DEBUG_FOCUS] Step_16 | Tag: A | Aria:  | Text: Chính sách cookie | Role: link
2026-03-12 18:21:00,650 - root - INFO - ⏭️ Bỏ qua link: chính sách cookie
2026-03-12 18:21:01,181 - root - INFO - 🔍 [DEBUG_FOCUS] Step_17 | Tag: A | Aria:  | Text: Chính sách quyền riêng tư | Role: link
2026-03-12 18:21:01,181 - root - INFO - ⏭️ Bỏ qua link: chính sách quyền riêng tư
2026-03-12 18:21:01,709 - root - INFO - 🔍 [DEBUG_FOCUS] Step_18 | Tag: DIV | Aria:  | Text: Gửi | Role: button
2026-03-12 18:21:01,709 - root - INFO - 🏁 Đã đến nút Submit (gửi).
2026-03-12 18:21:01,709 - root - INFO - ⌨️ Gửi form bằng phím ENTER (Standard React Action)...
2026-03-12 18:21:03,735 - root - INFO - 🖱️ Vẫn ở trang cũ -> Thực hiện Click trực tiếp bằng tọa độ...
2026-03-12 18:21:06,764 - root - INFO - ✅ Đã gửi lệnh Submit. Đợi hệ thống xử lý trang OTP (10s)...
2026-03-12 18:21:16,777 - root - INFO - ✅ Kết quả SMART TAB: {'Ngày': True, 'Tháng': True, 'Năm': True, 'Giới tính': True, 'Email': True, 'Pass': True}
2026-03-12 18:21:16,777 - root - INFO - ✅ Kết quả SMART TAB: {'Ngày': True, 'Tháng': True, 'Năm': True, 'Giới tính': True, 'Email': True, 'Pass': True}
2026-03-12 18:21:16,777 - root - INFO - [FB_REG] Đang chuyển sang Bước 6: Xác thực OTP...
2026-03-12 18:21:16,777 - root - INFO - [FB_REG] 6️⃣ Bắt đầu SMART TAB để nhập mã OTP...
2026-03-12 18:21:21,782 - root - INFO - [FB_REG] 🔍 Đang check mail lấy mã OTP...
2026-03-12 18:21:21,782 - GuerrillaMail - INFO - Đang quét hộp thư cho qwijgffv@guerrillamailblock.com...
2026-03-12 18:22:51,051 - DCOMProxy - ERROR - [DCOMProxy] DNS resolution failed for ltdby1773314.co.whrq.whoer.net: [Errno 11002] getaddrinfo failed
2026-03-12 18:22:51,051 - DCOMProxy - ERROR - [DCOMProxy] DNS resolution failed for ltdby1773314.co.whrq.whoer.net: [Errno 11002] getaddrinfo failed
2026-03-12 18:22:51,051 - DCOMProxy - ERROR - [DCOMProxy] DNS resolution failed for axfzb1773314.cz.whrq.whoer.net: [Errno 11002] getaddrinfo failed
2026-03-12 18:22:51,051 - DCOMProxy - ERROR - [DCOMProxy] DNS resolution failed for eygzf1773314.cf.whrq.whoer.net: [Errno 11002] getaddrinfo failed
2026-03-12 18:22:51,051 - DCOMProxy - ERROR - [DCOMProxy] DNS resolution failed for axfzb1773314.cz.whrq.whoer.net: [Errno 11002] getaddrinfo failed
2026-03-12 18:22:51,051 - DCOMProxy - ERROR - [DCOMProxy] DNS resolution failed for zokui1773314.cn.whrq.whoer.net: [Errno 11002] getaddrinfo failed
2026-03-12 18:22:51,051 - DCOMProxy - ERROR - [DCOMProxy] DNS resolution failed for eygzf1773314.cf.whrq.whoer.net: [Errno 11002] getaddrinfo failed
2026-03-12 18:22:51,051 - DCOMProxy - ERROR - [DCOMProxy] DNS resolution failed for dgjbn1773314.ay.whrq.whoer.net: [Errno 11002] getaddrinfo failed
2026-03-12 18:22:51,051 - DCOMProxy - ERROR - [DCOMProxy] DNS resolution failed for dgjbn1773314.ay.whrq.whoer.net: [Errno 11002] getaddrinfo failed
2026-03-12 18:22:51,051 - DCOMProxy - ERROR - [DCOMProxy] DNS resolution failed for zokui1773314.cn.whrq.whoer.net: [Errno 11002] getaddrinfo failed
2026-03-12 18:23:21,371 - BROWSER - WARNING - [CAMOUFOX] Error on close: Browser.close: Connection closed while reading from the driver
2026-03-12 18:23:21,371 - root - INFO - Browser closed.
2026-03-12 18:23:21,372 - root - INFO - --- 💤 Chu kỳ #2 kết thúc. Chuyển sang lượt mới... ---
2026-03-12 18:23:29,026 - asyncio - ERROR - Future exception was never retrieved
future: <Future finished exception=TargetClosedError('Target page, context or browser has been closed\nBrowser logs:\n\n<launching> C:\\Users\\welcome\\AppData\\Local\\camoufox\\camoufox\\Cache\\camoufox.exe -no-remote -wait-for-browser -foreground -profile C:\\Users\\welcome\\AppData\\Local\\Temp\\playwright_firefoxdev_profile-DcouMl -juggler-pipe -silent\n<launched> pid=20068\n[pid=20068][err] JavaScript warning: resource://services-settings/Utils.sys.mjs, line 57: unreachable code after return statement\n[pid=20068][err] JavaScript warning: resource://services-settings/Utils.sys.mjs, line 119: unreachable code after return statement\n[pid=20068][err] DEBUG: Juggler pipe initialized\n[pid=20068][err] DEBUG: Dispatcher created\n[pid=20068][out] \n[pid=20068][out] Juggler listening to the pipe\n[pid=20068][err] DEBUG: BrowserHandler created\n[pid=20068][err] DEBUG: BrowserHandler set as root session handler\n[pid=20068][out] console.error: "Warning: unrecognized command line flag" "-foreground"\n[pid=20068][out] console.error: "Ignoring protocol handler for mailto without a uriTemplate!"\n[pid=20068][out] console.error: SearchService: "#init: failure initializing search:" (new TypeError("defaultsConfig is undefined", "resource://gre/modules/SearchEngineSelector.sys.mjs", 752))\n[pid=20068][err] JavaScript error: resource://gre/modules/SearchEngineSelector.sys.mjs, line 752: TypeError: defaultsConfig is undefined\n[pid=20068][err] JavaScript error: resource://gre/modules/SearchEngineSelector.sys.mjs, line 752: TypeError: defaultsConfig is undefined\n[pid=20068][err] JavaScript error: resource://gre/modules/SearchEngineSelector.sys.mjs, line 752: TypeError: defaultsConfig is undefined\n[pid=20068][err] JavaScript error: resource://gre/modules/SearchEngineSelector.sys.mjs, line 752: TypeError: defaultsConfig is undefined\n[pid=20068][err] JavaScript error: resource://gre/modules/SearchEngineSelector.sys.mjs, line 752: TypeError: defaultsConfig is undefined\n[pid=20068][out] console.error: "Could not parse ASRouter preference. Try resetting browser.newtabpage.activity-stream.asrouter.providers.snippets in about:config."\n[pid=20068][out] console.error: SearchSettings: "_write: Could not write to settings file:" (new Error("cannot write without any engine.", "resource://gre/modules/SearchSettings.sys.mjs", 280))\n[pid=20068][err] JavaScript error: chrome://juggler/content/Helper.js, line 82: NS_ERROR_FAILURE: Component returned failure code: 0x80004005 (NS_ERROR_FAILURE) [nsIWebProgress.removeProgressListener]\n[pid=20068][out] console.error: WebExtensions: \n[pid=20068][out]   Message: TypeError: defaultsConfig is undefined\n[pid=20068][out]   Stack:\n[pid=20068][out]     #defaultEngines@resource://gre/modules/SearchEngineSelector.sys.mjs:752:22\n[pid=20068][out] fetchEngineConfiguration@resource://gre/modules/SearchEngineSelector.sys.mjs:375:65\n[pid=20068][out] \n[pid=20068][err] DEBUG: Installed 1 addon(s)\n[pid=20068][err] JavaScript warning: https://static.xx.fbcdn.net/rsrc.php/v4ilwa4/y-/l/vi_VN-j/ZkPgkVFg5F8.js, line 139: WEBGL_debug_renderer_info is deprecated in Firefox and will be removed. Please use RENDERER.\n[pid=20068][err] JavaScript error: chrome://juggler/content/content/FrameTree.js, line 583: TypeError: this.domWindow() is undefined\n[pid=20068][err] JavaScript error: chrome://juggler/content/content/FrameTree.js, line 583: TypeError: this.domWindow() is undefined\n[pid=20068][err] JavaScript error: chrome://juggler/content/Helper.js, line 82: NS_ERROR_FAILURE: Component returned failure code: 0x80004005 (NS_ERROR_FAILURE) [nsIWebProgress.removeProgressListener]\n[pid=20068][err] JavaScript warning: https://static.xx.fbcdn.net/rsrc.php/v4iH5M4/y-/l/vi_VN-j/Dut67Qxygso.js, line 97: WEBGL_debug_renderer_info is deprecated in Firefox and will be removed. Please use RENDERER.\n[pid=20068][err] JavaScript error: resource://gre/modules/SearchEngineSelector.sys.mjs, line 752: TypeError: defaultsConfig is undefined\n[pid=20068] <gracefully close start>\n[pid=20068][err] DEBUG: BrowserHandler cleanup callback called\n[pid=20068][out] \n[pid=20068][out]         ERROR: EventWatcher is being disposed dispose@chrome://juggler/content/Helper.js:230:22\n[pid=20068][out] dispose@chrome://juggler/content/protocol/PageHandler.js:168:15\n[pid=20068][out] _dispose@chrome://juggler/content/protocol/Dispatcher.js:130:21\n[pid=20068][out] destroySession@chrome://juggler/content/protocol/Dispatcher.js:36:13\n[pid=20068][out] dispose@chrome://juggler/content/protocol/BrowserHandler.js:79:24\n[pid=20068][out] _dispose@chrome://juggler/content/protocol/Dispatcher.js:130:21\n[pid=20068][out] _dispose@chrome://juggler/content/protocol/Dispatcher.js:42:23\n[pid=20068][out] observe/browserHandler<@chrome://juggler/content/components/Juggler.js:145:22\n[pid=20068][out] Browser.close@chrome://juggler/content/protocol/BrowserHandler.js:150:10\n[pid=20068][out] \n[pid=20068][err] JavaScript error: chrome://juggler/content/Helper.js, line 82: NS_ERROR_FAILURE: Component returned failure code: 0x80004005 (NS_ERROR_FAILURE) [nsIWebProgress.removeProgressListener]\n[pid=20068][err] JavaScript error: chrome://juggler/content/components/Juggler.js, line 134: NS_ERROR_FAILURE: Component returned failure code: 0x80004005 (NS_ERROR_FAILURE) [nsIRemoteDebuggingPipe.sendMessage]\n[pid=20068][out]       ')>
playwright._impl._errors.TargetClosedError: Target page, context or browser has been closed
Browser logs:

<launching> C:\Users\welcome\AppData\Local\camoufox\camoufox\Cache\camoufox.exe -no-remote -wait-for-browser -foreground -profile C:\Users\welcome\AppData\Local\Temp\playwright_firefoxdev_profile-DcouMl -juggler-pipe -silent
<launched> pid=20068
[pid=20068][err] JavaScript warning: resource://services-settings/Utils.sys.mjs, line 57: unreachable code after return statement
[pid=20068][err] JavaScript warning: resource://services-settings/Utils.sys.mjs, line 119: unreachable code after return statement
[pid=20068][err] DEBUG: Juggler pipe initialized
[pid=20068][err] DEBUG: Dispatcher created
[pid=20068][out] 
[pid=20068][out] Juggler listening to the pipe
[pid=20068][err] DEBUG: BrowserHandler created
[pid=20068][err] DEBUG: BrowserHandler set as root session handler
[pid=20068][out] console.error: "Warning: unrecognized command line flag" "-foreground"
[pid=20068][out] console.error: "Ignoring protocol handler for mailto without a uriTemplate!"
[pid=20068][out] console.error: SearchService: "#init: failure initializing search:" (new TypeError("defaultsConfig is undefined", "resource://gre/modules/SearchEngineSelector.sys.mjs", 752))
[pid=20068][err] JavaScript error: resource://gre/modules/SearchEngineSelector.sys.mjs, line 752: TypeError: defaultsConfig is undefined
[pid=20068][err] JavaScript error: resource://gre/modules/SearchEngineSelector.sys.mjs, line 752: TypeError: defaultsConfig is undefined
[pid=20068][err] JavaScript error: resource://gre/modules/SearchEngineSelector.sys.mjs, line 752: TypeError: defaultsConfig is undefined
[pid=20068][err] JavaScript error: resource://gre/modules/SearchEngineSelector.sys.mjs, line 752: TypeError: defaultsConfig is undefined
[pid=20068][err] JavaScript error: resource://gre/modules/SearchEngineSelector.sys.mjs, line 752: TypeError: defaultsConfig is undefined
[pid=20068][out] console.error: "Could not parse ASRouter preference. Try resetting browser.newtabpage.activity-stream.asrouter.providers.snippets in about:config."
[pid=20068][out] console.error: SearchSettings: "_write: Could not write to settings file:" (new Error("cannot write without any engine.", "resource://gre/modules/SearchSettings.sys.mjs", 280))
[pid=20068][err] JavaScript error: chrome://juggler/content/Helper.js, line 82: NS_ERROR_FAILURE: Component returned failure code: 0x80004005 (NS_ERROR_FAILURE) [nsIWebProgress.removeProgressListener]
[pid=20068][out] console.error: WebExtensions: 
[pid=20068][out]   Message: TypeError: defaultsConfig is undefined
[pid=20068][out]   Stack:
[pid=20068][out]     #defaultEngines@resource://gre/modules/SearchEngineSelector.sys.mjs:752:22
[pid=20068][out] fetchEngineConfiguration@resource://gre/modules/SearchEngineSelector.sys.mjs:375:65
[pid=20068][out] 
[pid=20068][err] DEBUG: Installed 1 addon(s)
[pid=20068][err] JavaScript warning: https://static.xx.fbcdn.net/rsrc.php/v4ilwa4/y-/l/vi_VN-j/ZkPgkVFg5F8.js, line 139: WEBGL_debug_renderer_info is deprecated in Firefox and will be removed. Please use RENDERER.
[pid=20068][err] JavaScript error: chrome://juggler/content/content/FrameTree.js, line 583: TypeError: this.domWindow() is undefined
[pid=20068][err] JavaScript error: chrome://juggler/content/content/FrameTree.js, line 583: TypeError: this.domWindow() is undefined
[pid=20068][err] JavaScript error: chrome://juggler/content/Helper.js, line 82: NS_ERROR_FAILURE: Component returned failure code: 0x80004005 (NS_ERROR_FAILURE) [nsIWebProgress.removeProgressListener]
[pid=20068][err] JavaScript warning: https://static.xx.fbcdn.net/rsrc.php/v4iH5M4/y-/l/vi_VN-j/Dut67Qxygso.js, line 97: WEBGL_debug_renderer_info is deprecated in Firefox and will be removed. Please use RENDERER.
[pid=20068][err] JavaScript error: resource://gre/modules/SearchEngineSelector.sys.mjs, line 752: TypeError: defaultsConfig is undefined
[pid=20068] <gracefully close start>
[pid=20068][err] DEBUG: BrowserHandler cleanup callback called
[pid=20068][out] 
[pid=20068][out]         ERROR: EventWatcher is being disposed dispose@chrome://juggler/content/Helper.js:230:22
[pid=20068][out] dispose@chrome://juggler/content/protocol/PageHandler.js:168:15
[pid=20068][out] _dispose@chrome://juggler/content/protocol/Dispatcher.js:130:21
[pid=20068][out] destroySession@chrome://juggler/content/protocol/Dispatcher.js:36:13
[pid=20068][out] dispose@chrome://juggler/content/protocol/BrowserHandler.js:79:24
[pid=20068][out] _dispose@chrome://juggler/content/protocol/Dispatcher.js:130:21
[pid=20068][out] _dispose@chrome://juggler/content/protocol/Dispatcher.js:42:23
[pid=20068][out] observe/browserHandler<@chrome://juggler/content/components/Juggler.js:145:22
[pid=20068][out] Browser.close@chrome://juggler/content/protocol/BrowserHandler.js:150:10
[pid=20068][out] 
[pid=20068][err] JavaScript error: chrome://juggler/content/Helper.js, line 82: NS_ERROR_FAILURE: Component returned failure code: 0x80004005 (NS_ERROR_FAILURE) [nsIWebProgress.removeProgressListener]
[pid=20068][err] JavaScript error: chrome://juggler/content/components/Juggler.js, line 134: NS_ERROR_FAILURE: Component returned failure code: 0x80004005 (NS_ERROR_FAILURE) [nsIRemoteDebuggingPipe.sendMessage]
[pid=20068][out]       
2026-03-12 18:23:30,157 - asyncio - ERROR - Task was destroyed but it is pending!
task: <Task cancelling name='Task-1' coro=<main() done, defined at D:\tunn3\CODE\service-fb-2\facebook_registration.py:1358> wait_for=<Future pending cb=[Task.task_wakeup()]> cb=[ProtocolCallback.__init__.<locals>.cb() at C:\Users\welcome\AppData\Local\Programs\Python\Python311\Lib\site-packages\playwright\_impl\_connection.py:228, <3 more>, gather.<locals>._done_callback() at C:\Users\welcome\AppData\Local\Programs\Python\Python311\Lib\asyncio\tasks.py:754]>
